<html>
<body>
<pre>
<h1>µVision Build Log</h1>
<h2>Tool Versions:</h2>
IDE-Version: ¦ÌVision V5.40.0.0
Copyright (C) 2024 ARM Ltd and ARM Germany GmbH. All rights reserved.
License Information: ff ff, ff, LIC=14HV2-902H7-8TY3P-MICZI-NF08X-AYIU7
 
Tool Versions:
Toolchain:       MDK-ARM Plus  Version: 5.40.0.3
Toolchain Path:  C:\Users\ff\AppData\Local\Keil_v5\ARM\ARMCC\Bin
C Compiler:      Armcc.exe V5.06 update 7 (build 960)
Assembler:       Armasm.exe V5.06 update 7 (build 960)
Linker/Locator:  ArmLink.exe V5.06 update 7 (build 960)
Library Manager: ArmAr.exe V5.06 update 7 (build 960)
Hex Converter:   FromElf.exe V5.06 update 7 (build 960)
CPU DLL:         SARMCM3.DLL V5.40.0.3
Dialog DLL:      DCM.DLL V1.17.5.0
Target DLL:      STLink\ST-LINKIII-KEIL_SWO.dll V3.3.0.0
Dialog DLL:      TCM.DLL V1.56.4.0
 
<h2>Project:</h2>
C:\WorkDir\testprag\modbus_demo\MDK-ARM\modbus_demo.uvprojx
Project File Date:  09/19/2024

<h2>Output:</h2>
*** Using Compiler 'V5.06 update 7 (build 960)', folder: 'C:\Users\ff\AppData\Local\Keil_v5\ARM\ARMCC\Bin'
Rebuild target 'modbus_demo'
Note: source file '..\freemodbus-master\port\port.c' - object file renamed from 'modbus_demo\port.o' to 'modbus_demo\port_1.o'.
assembling startup_stm32f407xx.s...
compiling stm32f4xx_it.c...
compiling stm32f4xx_hal_msp.c...
compiling gpio.c...
compiling usart.c...
compiling stm32f4xx_hal_timebase_tim.c...
compiling freertos.c...
compiling main.c...
compiling stm32f4xx_hal_flash_ramfunc.c...
compiling stm32f4xx_hal_flash_ex.c...
compiling stm32f4xx_hal_flash.c...
compiling stm32f4xx_hal_gpio.c...
compiling stm32f4xx_hal_rcc_ex.c...
compiling stm32f4xx_hal_rcc.c...
compiling stm32f4xx_hal_dma_ex.c...
compiling stm32f4xx_hal_pwr_ex.c...
compiling stm32f4xx_hal_pwr.c...
compiling stm32f4xx_hal_cortex.c...
compiling stm32f4xx_hal_exti.c...
compiling stm32f4xx_hal_dma.c...
compiling stm32f4xx_hal.c...
compiling croutine.c...
compiling list.c...
compiling event_groups.c...
compiling stream_buffer.c...
compiling queue.c...
compiling tasks.c...
compiling timers.c...
compiling stm32f4xx_hal_tim.c...
compiling heap_4.c...
compiling port.c...
compiling system_stm32f4xx.c...
compiling stm32f4xx_hal_tim_ex.c...
compiling stm32f4xx_hal_uart.c...
compiling mbcrc.c...
compiling mb.c...
..\freemodbus-master\modbus\mb.c(64): warning:  #550-D: variable "eMBCurrentMode"  was set but never used
  static eMBMode  eMBCurrentMode;
..\freemodbus-master\modbus\mb.c: 1 warning, 0 errors
compiling mb_m.c...
compiling mbfuncdiag.c...
compiling cmsis_os2.c...
compiling mbrtu.c...
compiling mbfunccoils.c...
compiling mbrtu_m.c...
compiling mbfuncdisc.c...
compiling mbfunccoils_m.c...
compiling mbfuncdisc_m.c...
compiling mbfuncholding.c...
compiling mbfuncinput.c...
compiling mbfuncholding_m.c...
compiling mbfuncinput_m.c...
compiling portevent_m.c...
..\freemodbus-master\port\portevent_m.c(83): warning:  #940-D: missing return statement at end of non-void function "xMBMasterPortEventGet" 
  }
..\freemodbus-master\port\portevent_m.c(106): warning:  #940-D: missing return statement at end of non-void function "xMBMasterRunResTake" 
  }
..\freemodbus-master\port\portevent_m.c(242): warning:  #940-D: missing return statement at end of non-void function "eMBMasterWaitRequestFinish" 
  }
..\freemodbus-master\port\portevent_m.c(212): warning:  #177-D: variable "eErrStatus"  was declared but never referenced
      eMBMasterReqErrCode    eErrStatus = MB_MRE_NO_ERR;
..\freemodbus-master\port\portevent_m.c: 4 warnings, 0 errors
compiling portserial_m.c...
..\freemodbus-master\port\portserial_m.c(198): warning:  #177-D: function "prvvUARTRxISR"  was declared but never referenced
  static void prvvUARTRxISR(void)
..\freemodbus-master\port\portserial_m.c(208): warning:  #177-D: function "serial_soft_trans_irq"  was declared but never referenced
  static void serial_soft_trans_irq(void* parameter) {
..\freemodbus-master\port\portserial_m.c: 2 warnings, 0 errors
compiling mbutils.c...
compiling mbfuncother.c...
compiling port.c...
..\freemodbus-master\port\port.c(28): warning:  #177-D: variable "is_inited"  was declared but never referenced
  static int is_inited = 0;
..\freemodbus-master\port\port.c: 1 warning, 0 errors
compiling porttimer_m.c...
..\freemodbus-master\port\porttimer_m.c(32): warning:  #550-D: variable "usT35TimeOut50us"  was set but never used
  static USHORT usT35TimeOut50us;
..\freemodbus-master\port\porttimer_m.c(102): warning:  #177-D: function "timer_timeout_ind"  was declared but never referenced
  static void timer_timeout_ind(void* parameter)
..\freemodbus-master\port\porttimer_m.c: 2 warnings, 0 errors
compiling user_mb_app_m.c...
compiling portevent.c...
..\freemodbus-master\port\portevent.c(68): warning:  #940-D: missing return statement at end of non-void function "xMBPortEventGet" 
  }
..\freemodbus-master\port\portevent.c: 1 warning, 0 errors
compiling porttimer.c...
..\freemodbus-master\port\porttimer.c(43): warning:  #940-D: missing return statement at end of non-void function "xMBPortTimersInit" 
  }
..\freemodbus-master\port\porttimer.c(60): warning:  #177-D: function "timer_timeout_ind"  was declared but never referenced
  static void timer_timeout_ind(void* parameter)
..\freemodbus-master\port\porttimer.c: 2 warnings, 0 errors
compiling portserial.c...
..\freemodbus-master\port\portserial.c(196): warning:  #177-D: function "prvvUARTRxISR"  was declared but never referenced
  static void prvvUARTRxISR(void)
..\freemodbus-master\port\portserial.c(206): warning:  #177-D: function "serial_soft_trans_irq"  was declared but never referenced
  static void serial_soft_trans_irq(void* parameter) {
..\freemodbus-master\port\portserial.c: 2 warnings, 0 errors
compiling user_mb_app.c...
linking...
Program Size: Code=11664 RO-data=592 RW-data=156 ZI-data=20564  
FromELF: creating hex file...
"modbus_demo\modbus_demo.axf" - 0 Error(s), 15 Warning(s).

<h2>Software Packages used:</h2>

Package Vendor: ARM
                https://www.keil.com/pack/ARM.CMSIS.6.1.0.pack
                ARM::CMSIS@6.1.0
                CMSIS (Common Microcontroller Software Interface Standard)
   * Component: CORE Version: 6.1.0

Package Vendor: Keil
                http://www.keil.com/pack/Keil.STM32F4xx_DFP.2.16.0.pack
                Keil::STM32F4xx_DFP@2.16.0
                STMicroelectronics STM32F4 Series Device Support, Drivers and Examples

<h2>Collection of Component include folders:</h2>
  ./RTE/_modbus_demo
  C:/Users/ff/AppData/Local/Arm/Packs/ARM/CMSIS/6.1.0/CMSIS/Core/Include
  C:/Users/ff/AppData/Local/Arm/Packs/Keil/STM32F4xx_DFP/2.16.0/Drivers/CMSIS/Device/ST/STM32F4xx/Include

<h2>Collection of Component Files used:</h2>

   * Component: ARM::CMSIS:CORE@6.1.0
      Include file:  CMSIS/Core/Include/tz_context.h
Build Time Elapsed:  00:01:26
</pre>
</body>
</html>
