Component: ARM Compiler 5.06 update 7 (build 960) Tool: armlink [4d3601]

==============================================================================

Section Cross References

    startup_stm32f407xx.o(STACK) refers (Special) to heapauxi.o(.text) for __use_two_region_memory
    startup_stm32f407xx.o(HEAP) refers (Special) to heapauxi.o(.text) for __use_two_region_memory
    startup_stm32f407xx.o(RESET) refers (Special) to heapauxi.o(.text) for __use_two_region_memory
    startup_stm32f407xx.o(RESET) refers to startup_stm32f407xx.o(STACK) for __initial_sp
    startup_stm32f407xx.o(RESET) refers to startup_stm32f407xx.o(.text) for Reset_Handler
    startup_stm32f407xx.o(RESET) refers to stm32f4xx_it.o(i.NMI_Handler) for NMI_Handler
    startup_stm32f407xx.o(RESET) refers to stm32f4xx_it.o(i.HardFault_Handler) for HardFault_Handler
    startup_stm32f407xx.o(RESET) refers to stm32f4xx_it.o(i.MemManage_Handler) for MemManage_Handler
    startup_stm32f407xx.o(RESET) refers to stm32f4xx_it.o(i.BusFault_Handler) for BusFault_Handler
    startup_stm32f407xx.o(RESET) refers to stm32f4xx_it.o(i.UsageFault_Handler) for UsageFault_Handler
    startup_stm32f407xx.o(RESET) refers to port.o(.emb_text) for SVC_Handler
    startup_stm32f407xx.o(RESET) refers to stm32f4xx_it.o(i.DebugMon_Handler) for DebugMon_Handler
    startup_stm32f407xx.o(RESET) refers to cmsis_os2.o(i.SysTick_Handler) for SysTick_Handler
    startup_stm32f407xx.o(RESET) refers to stm32f4xx_it.o(i.USART1_IRQHandler) for USART1_IRQHandler
    startup_stm32f407xx.o(RESET) refers to stm32f4xx_it.o(i.USART2_IRQHandler) for USART2_IRQHandler
    startup_stm32f407xx.o(RESET) refers to stm32f4xx_it.o(i.USART3_IRQHandler) for USART3_IRQHandler
    startup_stm32f407xx.o(RESET) refers to stm32f4xx_it.o(i.TIM6_DAC_IRQHandler) for TIM6_DAC_IRQHandler
    startup_stm32f407xx.o(.text) refers (Special) to heapauxi.o(.text) for __use_two_region_memory
    startup_stm32f407xx.o(.text) refers to system_stm32f4xx.o(i.SystemInit) for SystemInit
    startup_stm32f407xx.o(.text) refers to __main.o(!!!main) for __main
    startup_stm32f407xx.o(.text) refers to startup_stm32f407xx.o(HEAP) for Heap_Mem
    startup_stm32f407xx.o(.text) refers to startup_stm32f407xx.o(STACK) for Stack_Mem
    stm32f4xx_hal_rcc.o(i.HAL_RCC_ClockConfig) refers to stm32f4xx_hal.o(i.HAL_GetTick) for HAL_GetTick
    stm32f4xx_hal_rcc.o(i.HAL_RCC_ClockConfig) refers to stm32f4xx_hal_rcc.o(i.HAL_RCC_GetSysClockFreq) for HAL_RCC_GetSysClockFreq
    stm32f4xx_hal_rcc.o(i.HAL_RCC_ClockConfig) refers to stm32f4xx_hal_timebase_tim.o(i.HAL_InitTick) for HAL_InitTick
    stm32f4xx_hal_rcc.o(i.HAL_RCC_ClockConfig) refers to system_stm32f4xx.o(.constdata) for AHBPrescTable
    stm32f4xx_hal_rcc.o(i.HAL_RCC_ClockConfig) refers to system_stm32f4xx.o(.data) for SystemCoreClock
    stm32f4xx_hal_rcc.o(i.HAL_RCC_ClockConfig) refers to stm32f4xx_hal.o(.data) for uwTickPrio
    stm32f4xx_hal_rcc.o(i.HAL_RCC_GetHCLKFreq) refers to system_stm32f4xx.o(.data) for SystemCoreClock
    stm32f4xx_hal_rcc.o(i.HAL_RCC_GetPCLK1Freq) refers to system_stm32f4xx.o(.data) for SystemCoreClock
    stm32f4xx_hal_rcc.o(i.HAL_RCC_GetPCLK1Freq) refers to system_stm32f4xx.o(.constdata) for APBPrescTable
    stm32f4xx_hal_rcc.o(i.HAL_RCC_GetPCLK2Freq) refers to system_stm32f4xx.o(.data) for SystemCoreClock
    stm32f4xx_hal_rcc.o(i.HAL_RCC_GetPCLK2Freq) refers to system_stm32f4xx.o(.constdata) for APBPrescTable
    stm32f4xx_hal_rcc.o(i.HAL_RCC_GetSysClockFreq) refers to lludivv7m.o(.text) for __aeabi_uldivmod
    stm32f4xx_hal_rcc.o(i.HAL_RCC_MCOConfig) refers to stm32f4xx_hal_gpio.o(i.HAL_GPIO_Init) for HAL_GPIO_Init
    stm32f4xx_hal_rcc.o(i.HAL_RCC_NMI_IRQHandler) refers to stm32f4xx_hal_rcc.o(i.HAL_RCC_CSSCallback) for HAL_RCC_CSSCallback
    stm32f4xx_hal_rcc.o(i.HAL_RCC_OscConfig) refers to stm32f4xx_hal.o(i.HAL_GetTick) for HAL_GetTick
    stm32f4xx_hal_rcc_ex.o(i.HAL_RCCEx_DisablePLLI2S) refers to stm32f4xx_hal.o(i.HAL_GetTick) for HAL_GetTick
    stm32f4xx_hal_rcc_ex.o(i.HAL_RCCEx_EnablePLLI2S) refers to stm32f4xx_hal.o(i.HAL_GetTick) for HAL_GetTick
    stm32f4xx_hal_rcc_ex.o(i.HAL_RCCEx_PeriphCLKConfig) refers to stm32f4xx_hal.o(i.HAL_GetTick) for HAL_GetTick
    stm32f4xx_hal_rcc_ex.o(i.HAL_RCC_DeInit) refers to stm32f4xx_hal.o(i.HAL_GetTick) for HAL_GetTick
    stm32f4xx_hal_rcc_ex.o(i.HAL_RCC_DeInit) refers to stm32f4xx_hal_timebase_tim.o(i.HAL_InitTick) for HAL_InitTick
    stm32f4xx_hal_rcc_ex.o(i.HAL_RCC_DeInit) refers to system_stm32f4xx.o(.data) for SystemCoreClock
    stm32f4xx_hal_rcc_ex.o(i.HAL_RCC_DeInit) refers to stm32f4xx_hal.o(.data) for uwTickPrio
    stm32f4xx_hal_flash.o(i.FLASH_SetErrorCode) refers to stm32f4xx_hal_flash.o(.bss) for .bss
    stm32f4xx_hal_flash.o(i.FLASH_WaitForLastOperation) refers to stm32f4xx_hal.o(i.HAL_GetTick) for HAL_GetTick
    stm32f4xx_hal_flash.o(i.FLASH_WaitForLastOperation) refers to stm32f4xx_hal_flash.o(i.FLASH_SetErrorCode) for FLASH_SetErrorCode
[...]
    __rt_lib_shutdown_stdio_1                0x08000247   Thumb Code     0  libshutdown2.o(.ARM.Collect$$libshutdown$$00000006)
    __rt_lib_shutdown_user_alloc_1           0x08000247   Thumb Code     0  libshutdown2.o(.ARM.Collect$$libshutdown$$0000000E)
    __rt_entry                               0x08000249   Thumb Code     0  __rtentry.o(.ARM.Collect$$rtentry$$00000000)
    __rt_entry_presh_1                       0x08000249   Thumb Code     0  __rtentry2.o(.ARM.Collect$$rtentry$$00000002)
    __rt_entry_sh                            0x08000249   Thumb Code     0  __rtentry4.o(.ARM.Collect$$rtentry$$00000004)
    __rt_entry_li                            0x0800024f   Thumb Code     0  __rtentry2.o(.ARM.Collect$$rtentry$$0000000A)
    __rt_entry_postsh_1                      0x0800024f   Thumb Code     0  __rtentry2.o(.ARM.Collect$$rtentry$$00000009)
    __rt_entry_main                          0x08000253   Thumb Code     0  __rtentry2.o(.ARM.Collect$$rtentry$$0000000D)
    __rt_entry_postli_1                      0x08000253   Thumb Code     0  __rtentry2.o(.ARM.Collect$$rtentry$$0000000C)
    __rt_exit                                0x0800025b   Thumb Code     0  rtexit.o(.ARM.Collect$$rtexit$$00000000)
    __rt_exit_ls                             0x0800025d   Thumb Code     0  rtexit2.o(.ARM.Collect$$rtexit$$00000003)
    __rt_exit_prels_1                        0x0800025d   Thumb Code     0  rtexit2.o(.ARM.Collect$$rtexit$$00000002)
    __rt_exit_exit                           0x08000261   Thumb Code     0  rtexit2.o(.ARM.Collect$$rtexit$$00000004)
    SVC_Handler                              0x08000269   Thumb Code    28  port.o(.emb_text)
    __asm___6_port_c_39a90d8d__prvStartFirstTask 0x08000289   Thumb Code    36  port.o(.emb_text)
    __asm___6_port_c_39a90d8d__prvEnableVFP  0x080002b1   Thumb Code    16  port.o(.emb_text)
    PendSV_Handler                           0x080002c5   Thumb Code    88  port.o(.emb_text)
    vPortGetIPSR                             0x08000321   Thumb Code     6  port.o(.emb_text)
    Reset_Handler                            0x08000329   Thumb Code     8  startup_stm32f407xx.o(.text)
    ADC_IRQHandler                           0x08000343   Thumb Code     0  startup_stm32f407xx.o(.text)
    CAN1_RX0_IRQHandler                      0x08000343   Thumb Code     0  startup_stm32f407xx.o(.text)
    CAN1_RX1_IRQHandler                      0x08000343   Thumb Code     0  startup_stm32f407xx.o(.text)
    CAN1_SCE_IRQHandler                      0x08000343   Thumb Code     0  startup_stm32f407xx.o(.text)
    CAN1_TX_IRQHandler                       0x08000343   Thumb Code     0  startup_stm32f407xx.o(.text)
    CAN2_RX0_IRQHandler                      0x08000343   Thumb Code     0  startup_stm32f407xx.o(.text)
    CAN2_RX1_IRQHandler                      0x08000343   Thumb Code     0  startup_stm32f407xx.o(.text)
    CAN2_SCE_IRQHandler                      0x08000343   Thumb Code     0  startup_stm32f407xx.o(.text)
    CAN2_TX_IRQHandler                       0x08000343   Thumb Code     0  startup_stm32f407xx.o(.text)
    DCMI_IRQHandler                          0x08000343   Thumb Code     0  startup_stm32f407xx.o(.text)
    DMA1_Stream0_IRQHandler                  0x08000343   Thumb Code     0  startup_stm32f407xx.o(.text)
    DMA1_Stream1_IRQHandler                  0x08000343   Thumb Code     0  startup_stm32f407xx.o(.text)
    DMA1_Stream2_IRQHandler                  0x08000343   Thumb Code     0  startup_stm32f407xx.o(.text)
    DMA1_Stream3_IRQHandler                  0x08000343   Thumb Code     0  startup_stm32f407xx.o(.text)
    DMA1_Stream4_IRQHandler                  0x08000343   Thumb Code     0  startup_stm32f407xx.o(.text)
    DMA1_Stream5_IRQHandler                  0x08000343   Thumb Code     0  startup_stm32f407xx.o(.text)
    DMA1_Stream6_IRQHandler                  0x08000343   Thumb Code     0  startup_stm32f407xx.o(.text)
    DMA1_Stream7_IRQHandler                  0x08000343   Thumb Code     0  startup_stm32f407xx.o(.text)
    DMA2_Stream0_IRQHandler                  0x08000343   Thumb Code     0  startup_stm32f407xx.o(.text)
    DMA2_Stream1_IRQHandler                  0x08000343   Thumb Code     0  startup_stm32f407xx.o(.text)
    DMA2_Stream2_IRQHandler                  0x08000343   Thumb Code     0  startup_stm32f407xx.o(.text)
    DMA2_Stream3_IRQHandler                  0x08000343   Thumb Code     0  startup_stm32f407xx.o(.text)
    DMA2_Stream4_IRQHandler                  0x08000343   Thumb Code     0  startup_stm32f407xx.o(.text)
    DMA2_Stream5_IRQHandler                  0x08000343   Thumb Code     0  startup_stm32f407xx.o(.text)
    DMA2_Stream6_IRQHandler                  0x08000343   Thumb Code     0  startup_stm32f407xx.o(.text)
    DMA2_Stream7_IRQHandler                  0x08000343   Thumb Code     0  startup_stm32f407xx.o(.text)
    ETH_IRQHandler                           0x08000343   Thumb Code     0  startup_stm32f407xx.o(.text)
    ETH_WKUP_IRQHandler                      0x08000343   Thumb Code     0  startup_stm32f407xx.o(.text)
    EXTI0_IRQHandler                         0x08000343   Thumb Code     0  startup_stm32f407xx.o(.text)
    EXTI15_10_IRQHandler                     0x08000343   Thumb Code     0  startup_stm32f407xx.o(.text)
    EXTI1_IRQHandler                         0x08000343   Thumb Code     0  startup_stm32f407xx.o(.text)
    EXTI2_IRQHandler                         0x08000343   Thumb Code     0  startup_stm32f407xx.o(.text)
    EXTI3_IRQHandler                         0x08000343   Thumb Code     0  startup_stm32f407xx.o(.text)
    EXTI4_IRQHandler                         0x08000343   Thumb Code     0  startup_stm32f407xx.o(.text)
    EXTI9_5_IRQHandler                       0x08000343   Thumb Code     0  startup_stm32f407xx.o(.text)
    FLASH_IRQHandler                         0x08000343   Thumb Code     0  startup_stm32f407xx.o(.text)
    FMC_IRQHandler                           0x08000343   Thumb Code     0  startup_stm32f407xx.o(.text)
    FPU_IRQHandler                           0x08000343   Thumb Code     0  startup_stm32f407xx.o(.text)
    HASH_RNG_IRQHandler                      0x08000343   Thumb Code     0  startup_stm32f407xx.o(.text)
    I2C1_ER_IRQHandler                       0x08000343   Thumb Code     0  startup_stm32f407xx.o(.text)
    I2C1_EV_IRQHandler                       0x08000343   Thumb Code     0  startup_stm32f407xx.o(.text)
    I2C2_ER_IRQHandler                       0x08000343   Thumb Code     0  startup_stm32f407xx.o(.text)
    I2C2_EV_IRQHandler                       0x08000343   Thumb Code     0  startup_stm32f407xx.o(.text)
    I2C3_ER_IRQHandler                       0x08000343   Thumb Code     0  startup_stm32f407xx.o(.text)
    I2C3_EV_IRQHandler                       0x08000343   Thumb Code     0  startup_stm32f407xx.o(.text)
    OTG_FS_IRQHandler                        0x08000343   Thumb Code     0  startup_stm32f407xx.o(.text)
    OTG_FS_WKUP_IRQHandler                   0x08000343   Thumb Code     0  startup_stm32f407xx.o(.text)
    OTG_HS_EP1_IN_IRQHandler                 0x08000343   Thumb Code     0  startup_stm32f407xx.o(.text)
    OTG_HS_EP1_OUT_IRQHandler                0x08000343   Thumb Code     0  startup_stm32f407xx.o(.text)
    OTG_HS_IRQHandler                        0x08000343   Thumb Code     0  startup_stm32f407xx.o(.text)
    OTG_HS_WKUP_IRQHandler                   0x08000343   Thumb Code     0  startup_stm32f407xx.o(.text)
    PVD_IRQHandler                           0x08000343   Thumb Code     0  startup_stm32f407xx.o(.text)
    RCC_IRQHandler                           0x08000343   Thumb Code     0  startup_stm32f407xx.o(.text)
    RTC_Alarm_IRQHandler                     0x08000343   Thumb Code     0  startup_stm32f407xx.o(.text)
    RTC_WKUP_IRQHandler                      0x08000343   Thumb Code     0  startup_stm32f407xx.o(.text)
    SDIO_IRQHandler                          0x08000343   Thumb Code     0  startup_stm32f407xx.o(.text)
    SPI1_IRQHandler                          0x08000343   Thumb Code     0  startup_stm32f407xx.o(.text)
    SPI2_IRQHandler                          0x08000343   Thumb Code     0  startup_stm32f407xx.o(.text)
    SPI3_IRQHandler                          0x08000343   Thumb Code     0  startup_stm32f407xx.o(.text)
    TAMP_STAMP_IRQHandler                    0x08000343   Thumb Code     0  startup_stm32f407xx.o(.text)
    TIM1_BRK_TIM9_IRQHandler                 0x08000343   Thumb Code     0  startup_stm32f407xx.o(.text)
    TIM1_CC_IRQHandler                       0x08000343   Thumb Code     0  startup_stm32f407xx.o(.text)
    TIM1_TRG_COM_TIM11_IRQHandler            0x08000343   Thumb Code     0  startup_stm32f407xx.o(.text)
    TIM1_UP_TIM10_IRQHandler                 0x08000343   Thumb Code     0  startup_stm32f407xx.o(.text)
    TIM2_IRQHandler                          0x08000343   Thumb Code     0  startup_stm32f407xx.o(.text)
    TIM3_IRQHandler                          0x08000343   Thumb Code     0  startup_stm32f407xx.o(.text)
    TIM4_IRQHandler                          0x08000343   Thumb Code     0  startup_stm32f407xx.o(.text)
    TIM5_IRQHandler                          0x08000343   Thumb Code     0  startup_stm32f407xx.o(.text)
    TIM7_IRQHandler                          0x08000343   Thumb Code     0  startup_stm32f407xx.o(.text)
    TIM8_BRK_TIM12_IRQHandler                0x08000343   Thumb Code     0  startup_stm32f407xx.o(.text)
    TIM8_CC_IRQHandler                       0x08000343   Thumb Code     0  startup_stm32f407xx.o(.text)
    TIM8_TRG_COM_TIM14_IRQHandler            0x08000343   Thumb Code     0  startup_stm32f407xx.o(.text)
    TIM8_UP_TIM13_IRQHandler                 0x08000343   Thumb Code     0  startup_stm32f407xx.o(.text)
    UART4_IRQHandler                         0x08000343   Thumb Code     0  startup_stm32f407xx.o(.text)
    UART5_IRQHandler                         0x08000343   Thumb Code     0  startup_stm32f407xx.o(.text)
    USART6_IRQHandler                        0x08000343   Thumb Code     0  startup_stm32f407xx.o(.text)
    WWDG_IRQHandler                          0x08000343   Thumb Code     0  startup_stm32f407xx.o(.text)
    __user_initial_stackheap                 0x08000345   Thumb Code     0  startup_stm32f407xx.o(.text)
    __aeabi_uldivmod                         0x08000369   Thumb Code     0  lludivv7m.o(.text)
    _ll_udiv                                 0x08000369   Thumb Code   238  lludivv7m.o(.text)
    __aeabi_memcpy                           0x08000457   Thumb Code     0  rt_memcpy_v6.o(.text)
    __rt_memcpy                              0x08000457   Thumb Code   138  rt_memcpy_v6.o(.text)
    _memcpy_lastbytes                        0x080004bd   Thumb Code     0  rt_memcpy_v6.o(.text)
    __aeabi_memcpy4                          0x080004e1   Thumb Code     0  rt_memcpy_w.o(.text)
    __aeabi_memcpy8                          0x080004e1   Thumb Code     0  rt_memcpy_w.o(.text)
    __rt_memcpy_w                            0x080004e1   Thumb Code   100  rt_memcpy_w.o(.text)
    _memcpy_lastbytes_aligned                0x08000529   Thumb Code     0  rt_memcpy_w.o(.text)
    __aeabi_memset                           0x08000545   Thumb Code    16  aeabi_memset.o(.text)
    __aeabi_memclr4                          0x08000555   Thumb Code     0  rt_memclr_w.o(.text)
    __aeabi_memclr8                          0x08000555   Thumb Code     0  rt_memclr_w.o(.text)
    __rt_memclr_w                            0x08000555   Thumb Code    78  rt_memclr_w.o(.text)
    _memset_w                                0x08000559   Thumb Code     0  rt_memclr_w.o(.text)
    __use_two_region_memory                  0x080005a3   Thumb Code     2  heapauxi.o(.text)
    __rt_heap_escrow$2region                 0x080005a5   Thumb Code     2  heapauxi.o(.text)
    __rt_heap_expand$2region                 0x080005a7   Thumb Code     2  heapauxi.o(.text)
    __aeabi_memclr                           0x080005a9   Thumb Code     0  rt_memclr.o(.text)
    __rt_memclr                              0x080005a9   Thumb Code    68  rt_memclr.o(.text)
    _memset                                  0x080005ad   Thumb Code     0  rt_memclr.o(.text)
    __user_setup_stackheap                   0x080005ed   Thumb Code    74  sys_stackheap_outer.o(.text)
    exit                                     0x08000637   Thumb Code    18  exit.o(.text)
    __user_libspace                          0x08000649   Thumb Code     8  libspace.o(.text)
    __user_perproc_libspace                  0x08000649   Thumb Code     0  libspace.o(.text)
    __user_perthread_libspace                0x08000649   Thumb Code     0  libspace.o(.text)
    _sys_exit                                0x08000651   Thumb Code     8  sys_exit.o(.text)
    __I$use$semihosting                      0x0800065d   Thumb Code     0  use_no_semi.o(.text)
    __use_no_semihosting_swi                 0x0800065d   Thumb Code     2  use_no_semi.o(.text)
    BusFault_Handler                         0x0800065f   Thumb Code     2  stm32f4xx_it.o(i.BusFault_Handler)
    __semihosting_library_function           0x0800065f   Thumb Code     0  indicate_semi.o(.text)
    DebugMon_Handler                         0x08000661   Thumb Code     2  stm32f4xx_it.o(i.DebugMon_Handler)
    EnterCriticalSection                     0x08000663   Thumb Code     4  port_1.o(i.EnterCriticalSection)
    Error_Handler                            0x08000667   Thumb Code     4  main.o(i.Error_Handler)
    ExitCriticalSection                      0x0800066b   Thumb Code     4  port_1.o(i.ExitCriticalSection)
    FifoIn                                   0x0800066f   Thumb Code    56  fifo_lib.o(i.FifoIn)
    FifoInit                                 0x080006a7   Thumb Code    12  fifo_lib.o(i.FifoInit)
    FifoOut                                  0x080006b5   Thumb Code    50  fifo_lib.o(i.FifoOut)
    HAL_GPIO_Init                            0x080006e9   Thumb Code   450  stm32f4xx_hal_gpio.o(i.HAL_GPIO_Init)
    HAL_GetTick                              0x080008d9   Thumb Code     6  stm32f4xx_hal.o(i.HAL_GetTick)
    HAL_IncTick                              0x080008e5   Thumb Code    12  stm32f4xx_hal.o(i.HAL_IncTick)
    HAL_Init                                 0x080008f5   Thumb Code    48  stm32f4xx_hal.o(i.HAL_Init)
    HAL_InitTick                             0x08000929   Thumb Code   132  stm32f4xx_hal_timebase_tim.o(i.HAL_InitTick)
    HAL_MspInit                              0x080009c1   Thumb Code    52  stm32f4xx_hal_msp.o(i.HAL_MspInit)
    HAL_NVIC_EnableIRQ                       0x080009f9   Thumb Code    26  stm32f4xx_hal_cortex.o(i.HAL_NVIC_EnableIRQ)
    HAL_NVIC_SetPriority                     0x08000a15   Thumb Code    60  stm32f4xx_hal_cortex.o(i.HAL_NVIC_SetPriority)
    HAL_NVIC_SetPriorityGrouping             0x08000a55   Thumb Code    26  stm32f4xx_hal_cortex.o(i.HAL_NVIC_SetPriorityGrouping)
    HAL_RCC_ClockConfig                      0x08000a79   Thumb Code   288  stm32f4xx_hal_rcc.o(i.HAL_RCC_ClockConfig)
    HAL_RCC_GetClockConfig                   0x08000bad   Thumb Code    54  stm32f4xx_hal_rcc.o(i.HAL_RCC_GetClockConfig)
    HAL_RCC_GetPCLK1Freq                     0x08000bed   Thumb Code    20  stm32f4xx_hal_rcc.o(i.HAL_RCC_GetPCLK1Freq)
    HAL_RCC_GetPCLK2Freq                     0x08000c0d   Thumb Code    20  stm32f4xx_hal_rcc.o(i.HAL_RCC_GetPCLK2Freq)
    HAL_RCC_GetSysClockFreq                  0x08000c2d   Thumb Code    88  stm32f4xx_hal_rcc.o(i.HAL_RCC_GetSysClockFreq)
    HAL_RCC_OscConfig                        0x08000c91   Thumb Code   856  stm32f4xx_hal_rcc.o(i.HAL_RCC_OscConfig)
    HAL_TIMEx_BreakCallback                  0x08000ffd   Thumb Code     2  stm32f4xx_hal_tim_ex.o(i.HAL_TIMEx_BreakCallback)
    HAL_TIMEx_CommutCallback                 0x08000fff   Thumb Code     2  stm32f4xx_hal_tim_ex.o(i.HAL_TIMEx_CommutCallback)
    HAL_TIMEx_CommutHalfCpltCallback         0x08001001   Thumb Code     2  stm32f4xx_hal_tim_ex.o(i.HAL_TIMEx_CommutHalfCpltCallback)
    HAL_TIM_Base_Init                        0x08001005   Thumb Code   104  stm32f4xx_hal_tim.o(i.HAL_TIM_Base_Init)
    HAL_TIM_Base_MspInit                     0x08001071   Thumb Code     2  stm32f4xx_hal_tim.o(i.HAL_TIM_Base_MspInit)
    HAL_TIM_Base_Start_IT                    0x08001075   Thumb Code   100  stm32f4xx_hal_tim.o(i.HAL_TIM_Base_Start_IT)
    HAL_TIM_ErrorCallback                    0x080010f5   Thumb Code     2  stm32f4xx_hal_tim.o(i.HAL_TIM_ErrorCallback)
    HAL_TIM_IC_CaptureCallback               0x080010f7   Thumb Code     2  stm32f4xx_hal_tim.o(i.HAL_TIM_IC_CaptureCallback)
    HAL_TIM_IC_CaptureHalfCpltCallback       0x080010f9   Thumb Code     2  stm32f4xx_hal_tim.o(i.HAL_TIM_IC_CaptureHalfCpltCallback)
    HAL_TIM_IRQHandler                       0x080010fb   Thumb Code   328  stm32f4xx_hal_tim.o(i.HAL_TIM_IRQHandler)
    HAL_TIM_OC_DelayElapsedCallback          0x08001243   Thumb Code     2  stm32f4xx_hal_tim.o(i.HAL_TIM_OC_DelayElapsedCallback)
    HAL_TIM_PWM_PulseFinishedCallback        0x08001245   Thumb Code     2  stm32f4xx_hal_tim.o(i.HAL_TIM_PWM_PulseFinishedCallback)
    HAL_TIM_PWM_PulseFinishedHalfCpltCallback 0x08001247   Thumb Code     2  stm32f4xx_hal_tim.o(i.HAL_TIM_PWM_PulseFinishedHalfCpltCallback)
    HAL_TIM_PeriodElapsedCallback            0x08001249   Thumb Code    14  main.o(i.HAL_TIM_PeriodElapsedCallback)
    HAL_TIM_PeriodElapsedHalfCpltCallback    0x0800125d   Thumb Code     2  stm32f4xx_hal_tim.o(i.HAL_TIM_PeriodElapsedHalfCpltCallback)
    HAL_TIM_TriggerCallback                  0x0800125f   Thumb Code     2  stm32f4xx_hal_tim.o(i.HAL_TIM_TriggerCallback)
    HAL_TIM_TriggerHalfCpltCallback          0x08001261   Thumb Code     2  stm32f4xx_hal_tim.o(i.HAL_TIM_TriggerHalfCpltCallback)
    HAL_UARTEx_RxEventCallback               0x08001263   Thumb Code     2  stm32f4xx_hal_uart.o(i.HAL_UARTEx_RxEventCallback)
    HAL_UART_AbortCpltCallback               0x08001265   Thumb Code     2  stm32f4xx_hal_uart.o(i.HAL_UART_AbortCpltCallback)
    HAL_UART_AbortReceiveCpltCallback        0x08001267   Thumb Code     2  stm32f4xx_hal_uart.o(i.HAL_UART_AbortReceiveCpltCallback)
    HAL_UART_AbortTransmitCpltCallback       0x08001269   Thumb Code     2  stm32f4xx_hal_uart.o(i.HAL_UART_AbortTransmitCpltCallback)
    HAL_UART_ErrorCallback                   0x0800126b   Thumb Code     2  stm32f4xx_hal_uart.o(i.HAL_UART_ErrorCallback)
    HAL_UART_Init                            0x0800126d   Thumb Code   114  stm32f4xx_hal_uart.o(i.HAL_UART_Init)
    HAL_UART_MspInit                         0x080012e5   Thumb Code   258  usart.o(i.HAL_UART_MspInit)
    HAL_UART_RegisterCallback                0x08001401   Thumb Code   118  stm32f4xx_hal_uart.o(i.HAL_UART_RegisterCallback)
    HAL_UART_RxCpltCallback                  0x08001477   Thumb Code     2  stm32f4xx_hal_uart.o(i.HAL_UART_RxCpltCallback)
    HAL_UART_RxHalfCpltCallback              0x08001479   Thumb Code     2  stm32f4xx_hal_uart.o(i.HAL_UART_RxHalfCpltCallback)
    HAL_UART_TxCpltCallback                  0x0800147b   Thumb Code     2  stm32f4xx_hal_uart.o(i.HAL_UART_TxCpltCallback)
    HAL_UART_TxHalfCpltCallback              0x0800147d   Thumb Code     2  stm32f4xx_hal_uart.o(i.HAL_UART_TxHalfCpltCallback)
    HardFault_Handler                        0x0800147f   Thumb Code     2  stm32f4xx_it.o(i.HardFault_Handler)
    IS_IRQ                                   0x08001481   Thumb Code    14  port_1.o(i.IS_IRQ)
    MX_FREERTOS_Init                         0x08001491   Thumb Code    84  freertos.o(i.MX_FREERTOS_Init)
    MX_GPIO_Init                             0x080014f9   Thumb Code    70  gpio.o(i.MX_GPIO_Init)
    MX_USART1_UART_Init                      0x08001545   Thumb Code    48  usart.o(i.MX_USART1_UART_Init)
    MX_USART2_UART_Init                      0x0800157d   Thumb Code    48  usart.o(i.MX_USART2_UART_Init)
    MX_USART3_UART_Init                      0x080015b5   Thumb Code    48  usart.o(i.MX_USART3_UART_Init)
    MasterSendTaskFun                        0x080015ed   Thumb Code    62  freertos.o(i.MasterSendTaskFun)
    MasterTaskFun                            0x08001631   Thumb Code     6  freertos.o(i.MasterTaskFun)
    MemManage_Handler                        0x0800166d   Thumb Code     2  stm32f4xx_it.o(i.MemManage_Handler)
    NMI_Handler                              0x0800166f   Thumb Code     2  stm32f4xx_it.o(i.NMI_Handler)
    Slave_TaskFun                            0x080016a5   Thumb Code    10  freertos.o(i.Slave_TaskFun)
    SysTick_Handler                          0x080016af   Thumb Code    26  cmsis_os2.o(i.SysTick_Handler)
    SystemClock_Config                       0x080016c9   Thumb Code   140  main.o(i.SystemClock_Config)
    SystemInit                               0x0800175d   Thumb Code    12  system_stm32f4xx.o(i.SystemInit)
    TIM6_DAC_IRQHandler                      0x0800176d   Thumb Code     6  stm32f4xx_it.o(i.TIM6_DAC_IRQHandler)
    TIM_Base_SetConfig                       0x08001779   Thumb Code   170  stm32f4xx_hal_tim.o(i.TIM_Base_SetConfig)
    TIM_ResetCallback                        0x08001851   Thumb Code    56  stm32f4xx_hal_tim.o(i.TIM_ResetCallback)
    UART_InitCallbacksToDefault              0x080018bd   Thumb Code    38  stm32f4xx_hal_uart.o(i.UART_InitCallbacksToDefault)
    USART1_IRQHandler                        0x08001a15   Thumb Code    64  stm32f4xx_it.o(i.USART1_IRQHandler)
    USART2_IRQHandler                        0x08001a59   Thumb Code    64  stm32f4xx_it.o(i.USART2_IRQHandler)
    USART3_IRQHandler                        0x08001a9d   Thumb Code    64  stm32f4xx_it.o(i.USART3_IRQHandler)
    UsageFault_Handler                       0x08001ae1   Thumb Code     2  stm32f4xx_it.o(i.UsageFault_Handler)
    eMBEnable                                0x08001b05   Thumb Code    28  mb.o(i.eMBEnable)
    eMBFuncReadCoils                         0x08001b25   Thumb Code   114  mbfunccoils.o(i.eMBFuncReadCoils)
    eMBFuncReadDiscreteInputs                0x08001b97   Thumb Code   114  mbfuncdisc.o(i.eMBFuncReadDiscreteInputs)
    eMBFuncReadHoldingRegister               0x08001c09   Thumb Code   100  mbfuncholding.o(i.eMBFuncReadHoldingRegister)
    eMBFuncReadInputRegister                 0x08001c6d   Thumb Code    98  mbfuncinput.o(i.eMBFuncReadInputRegister)
    eMBFuncReadWriteMultipleHoldingRegister  0x08001ccf   Thumb Code   156  mbfuncholding.o(i.eMBFuncReadWriteMultipleHoldingRegister)
    eMBFuncReportSlaveID                     0x08001d6d   Thumb Code    26  mbfuncother.o(i.eMBFuncReportSlaveID)
    eMBFuncWriteCoil                         0x08001d91   Thumb Code    86  mbfunccoils.o(i.eMBFuncWriteCoil)
    eMBFuncWriteHoldingRegister              0x08001de7   Thumb Code    50  mbfuncholding.o(i.eMBFuncWriteHoldingRegister)
    eMBFuncWriteMultipleCoils                0x08001e19   Thumb Code   100  mbfunccoils.o(i.eMBFuncWriteMultipleCoils)
    eMBFuncWriteMultipleHoldingRegister      0x08001e7d   Thumb Code    78  mbfuncholding.o(i.eMBFuncWriteMultipleHoldingRegister)
    eMBInit                                  0x08001ecd   Thumb Code    96  mb.o(i.eMBInit)
    eMBMasterEnable                          0x08001f4d   Thumb Code    28  mb_m.o(i.eMBMasterEnable)
    eMBMasterFuncReadCoils                   0x08001f6d   Thumb Code    98  mbfunccoils_m.o(i.eMBMasterFuncReadCoils)
    eMBMasterFuncReadDiscreteInputs          0x08001fcf   Thumb Code    96  mbfuncdisc_m.o(i.eMBMasterFuncReadDiscreteInputs)
    eMBMasterFuncReadHoldingRegister         0x0800202f   Thumb Code    82  mbfuncholding_m.o(i.eMBMasterFuncReadHoldingRegister)
    eMBMasterFuncReadInputRegister           0x08002081   Thumb Code    80  mbfuncinput_m.o(i.eMBMasterFuncReadInputRegister)
    eMBMasterFuncReadWriteMultipleHoldingRegister 0x080020d1   Thumb Code   114  mbfuncholding_m.o(i.eMBMasterFuncReadWriteMultipleHoldingRegister)
    eMBMasterFuncWriteCoil                   0x08002143   Thumb Code    86  mbfunccoils_m.o(i.eMBMasterFuncWriteCoil)
    eMBMasterFuncWriteHoldingRegister        0x08002199   Thumb Code    50  mbfuncholding_m.o(i.eMBMasterFuncWriteHoldingRegister)
    eMBMasterFuncWriteMultipleCoils          0x080021cb   Thumb Code    96  mbfunccoils_m.o(i.eMBMasterFuncWriteMultipleCoils)
    eMBMasterFuncWriteMultipleHoldingRegister 0x0800222b   Thumb Code    76  mbfuncholding_m.o(i.eMBMasterFuncWriteMultipleHoldingRegister)
    eMBMasterInit                            0x08002279   Thumb Code    84  mb_m.o(i.eMBMasterInit)
    eMBMasterPoll                            0x080022ed   Thumb Code   324  mb_m.o(i.eMBMasterPoll)
    eMBMasterRTUInit                         0x08002435   Thumb Code    72  mbrtu_m.o(i.eMBMasterRTUInit)
    eMBMasterRTUReceive                      0x08002481   Thumb Code    68  mbrtu_m.o(i.eMBMasterRTUReceive)
    eMBMasterRTUSend                         0x080024cd   Thumb Code   104  mbrtu_m.o(i.eMBMasterRTUSend)
    eMBMasterRTUStart                        0x0800253d   Thumb Code    32  mbrtu_m.o(i.eMBMasterRTUStart)
    eMBMasterRTUStop                         0x08002561   Thumb Code    26  mbrtu_m.o(i.eMBMasterRTUStop)
    eMBMasterRegCoilsCB                      0x0800257d   Thumb Code   114  user_mb_app_m.o(i.eMBMasterRegCoilsCB)
    eMBMasterRegDiscreteCB                   0x080025f9   Thumb Code   114  user_mb_app_m.o(i.eMBMasterRegDiscreteCB)
    eMBMasterRegHoldingCB                    0x08002675   Thumb Code    94  user_mb_app_m.o(i.eMBMasterRegHoldingCB)
    eMBMasterRegInputCB                      0x080026dd   Thumb Code    94  user_mb_app_m.o(i.eMBMasterRegInputCB)
    eMBMasterReqWriteMultipleHoldingRegister 0x08002745   Thumb Code   144  mbfuncholding_m.o(i.eMBMasterReqWriteMultipleHoldingRegister)
    eMBMasterWaitRequestFinish               0x080027d5   Thumb Code    58  portevent_m.o(i.eMBMasterWaitRequestFinish)
    eMBPoll                                  0x08002815   Thumb Code   172  mb.o(i.eMBPoll)
    eMBRTUInit                               0x080028c5   Thumb Code    72  mbrtu.o(i.eMBRTUInit)
    eMBRTUReceive                            0x08002911   Thumb Code    68  mbrtu.o(i.eMBRTUReceive)
    eMBRTUSend                               0x0800295d   Thumb Code    98  mbrtu.o(i.eMBRTUSend)
    eMBRTUStart                              0x080029c9   Thumb Code    32  mbrtu.o(i.eMBRTUStart)
    eMBRTUStop                               0x080029ed   Thumb Code    26  mbrtu.o(i.eMBRTUStop)
    eMBRegCoilsCB                            0x08002a09   Thumb Code   154  user_mb_app.o(i.eMBRegCoilsCB)
    eMBRegDiscreteCB                         0x08002aa9   Thumb Code   112  user_mb_app.o(i.eMBRegDiscreteCB)
    eMBRegHoldingCB                          0x08002b1d   Thumb Code   108  user_mb_app.o(i.eMBRegHoldingCB)
    eMBRegInputCB                            0x08002b8d   Thumb Code    66  user_mb_app.o(i.eMBRegInputCB)
    main                                     0x08002bd9   Thumb Code    38  main.o(i.main)
    osDelay                                  0x08002bff   Thumb Code    26  cmsis_os2.o(i.osDelay)
    osKernelInitialize                       0x08002c19   Thumb Code    32  cmsis_os2.o(i.osKernelInitialize)
    osKernelStart                            0x08002c3d   Thumb Code    48  cmsis_os2.o(i.osKernelStart)
    osThreadNew                              0x08002c75   Thumb Code   138  cmsis_os2.o(i.osThreadNew)
    prveMBError2Exception                    0x080034f7   Thumb Code    24  mbutils.o(i.prveMBError2Exception)
    pvPortMalloc                             0x08003511   Thumb Code   216  heap_4.o(i.pvPortMalloc)
    pvTaskIncrementMutexHeldCount            0x080035ed   Thumb Code    18  tasks.o(i.pvTaskIncrementMutexHeldCount)
    pxPortInitialiseStack                    0x08003605   Thumb Code    40  port.o(i.pxPortInitialiseStack)
    timer_timeout_ind                        0x08003681   Thumb Code     6  porttimer.o(i.timer_timeout_ind)
    ucMBMasterGetDestAddress                 0x08003699   Thumb Code     6  mb_m.o(i.ucMBMasterGetDestAddress)
    usMBCRC16                                0x080036a5   Thumb Code    40  mbcrc.o(i.usMBCRC16)
    usMBMasterGetPDUSndLength                0x080036d1   Thumb Code     6  mbrtu_m.o(i.usMBMasterGetPDUSndLength)
    uxListRemove                             0x080036dd   Thumb Code    38  list.o(i.uxListRemove)
    uxTaskResetEventItemValue                0x08003705   Thumb Code    20  tasks.o(i.uxTaskResetEventItemValue)
    vApplicationGetIdleTaskMemory            0x0800371d   Thumb Code    16  cmsis_os2.o(i.vApplicationGetIdleTaskMemory)
    vApplicationGetTimerTaskMemory           0x08003731   Thumb Code    18  cmsis_os2.o(i.vApplicationGetTimerTaskMemory)
    vEventGroupSetBitsCallback               0x08003749   Thumb Code     4  event_groups.o(i.vEventGroupSetBitsCallback)
    vListInitialise                          0x0800374d   Thumb Code    22  list.o(i.vListInitialise)
    vListInitialiseItem                      0x08003763   Thumb Code     6  list.o(i.vListInitialiseItem)
    vListInsert                              0x08003769   Thumb Code    48  list.o(i.vListInsert)
    vListInsertEnd                           0x08003799   Thumb Code    24  list.o(i.vListInsertEnd)
    vMBMasterCBRequestScuuess                0x080037b1   Thumb Code    10  portevent_m.o(i.vMBMasterCBRequestScuuess)
    vMBMasterErrorCBExecuteFunction          0x080037c1   Thumb Code    12  portevent_m.o(i.vMBMasterErrorCBExecuteFunction)
    vMBMasterErrorCBReceiveData              0x080037d1   Thumb Code    10  portevent_m.o(i.vMBMasterErrorCBReceiveData)
    vMBMasterErrorCBRespondTimeout           0x080037e1   Thumb Code    10  portevent_m.o(i.vMBMasterErrorCBRespondTimeout)
    vMBMasterGetPDUSndBuf                    0x080037f1   Thumb Code     6  mbrtu_m.o(i.vMBMasterGetPDUSndBuf)
    vMBMasterOsResInit                       0x080037fd   Thumb Code    18  portevent_m.o(i.vMBMasterOsResInit)
    vMBMasterPortSerialEnable                0x08003815   Thumb Code    66  portserial_m.o(i.vMBMasterPortSerialEnable)
    vMBMasterPortTimersConvertDelayEnable    0x0800385d   Thumb Code    46  porttimer_m.o(i.vMBMasterPortTimersConvertDelayEnable)
    vMBMasterPortTimersDisable               0x08003891   Thumb Code    32  porttimer_m.o(i.vMBMasterPortTimersDisable)
    vMBMasterPortTimersRespondTimeoutEnable  0x080038b5   Thumb Code    46  porttimer_m.o(i.vMBMasterPortTimersRespondTimeoutEnable)
    vMBMasterPortTimersT35Enable             0x080038e9   Thumb Code    60  porttimer_m.o(i.vMBMasterPortTimersT35Enable)
    vMBMasterRunResRelease                   0x08003929   Thumb Code    14  portevent_m.o(i.vMBMasterRunResRelease)
    vMBMasterSetCurTimerMode                 0x0800393d   Thumb Code     6  mbrtu_m.o(i.vMBMasterSetCurTimerMode)
    vMBMasterSetDestAddress                  0x08003949   Thumb Code     6  mb_m.o(i.vMBMasterSetDestAddress)
    vMBMasterSetErrorType                    0x08003955   Thumb Code     6  mb_m.o(i.vMBMasterSetErrorType)
    vMBMasterSetPDUSndLength                 0x08003961   Thumb Code     6  mbrtu_m.o(i.vMBMasterSetPDUSndLength)
    vMBPortSerialEnable                      0x0800396d   Thumb Code    66  portserial.o(i.vMBPortSerialEnable)
    vMBPortTimersDisable                     0x080039b5   Thumb Code    32  porttimer.o(i.vMBPortTimersDisable)
    vMBPortTimersEnable                      0x080039d9   Thumb Code    46  porttimer.o(i.vMBPortTimersEnable)
    vPortEnterCritical                       0x08003a0d   Thumb Code    54  port.o(i.vPortEnterCritical)
    vPortExitCritical                        0x08003a4d   Thumb Code    34  port.o(i.vPortExitCritical)
    vPortFree                                0x08003a75   Thumb Code    94  heap_4.o(i.vPortFree)
    vPortSetupTimerInterrupt                 0x08003ad9   Thumb Code    32  port.o(i.vPortSetupTimerInterrupt)
    vPortValidateInterruptPriority           0x08003afd   Thumb Code    74  port.o(i.vPortValidateInterruptPriority)
    vQueueAddToRegistry                      0x08003b51   Thumb Code    34  queue.o(i.vQueueAddToRegistry)
    vQueueWaitForMessageRestricted           0x08003b79   Thumb Code    68  queue.o(i.vQueueWaitForMessageRestricted)
    vTaskDelay                               0x08003bbd   Thumb Code    66  tasks.o(i.vTaskDelay)
    vTaskInternalSetTimeOutState             0x08003c09   Thumb Code    12  tasks.o(i.vTaskInternalSetTimeOutState)
    vTaskMissedYield                         0x08003c19   Thumb Code     8  tasks.o(i.vTaskMissedYield)
    vTaskPlaceOnEventList                    0x08003c25   Thumb Code    44  tasks.o(i.vTaskPlaceOnEventList)
    vTaskPlaceOnEventListRestricted          0x08003c55   Thumb Code    52  tasks.o(i.vTaskPlaceOnEventListRestricted)
    vTaskPlaceOnUnorderedEventList           0x08003c8d   Thumb Code    76  tasks.o(i.vTaskPlaceOnUnorderedEventList)
    vTaskPriorityDisinheritAfterTimeout      0x08003cdd   Thumb Code   134  tasks.o(i.vTaskPriorityDisinheritAfterTimeout)
    vTaskRemoveFromUnorderedEventList        0x08003d6d   Thumb Code   102  tasks.o(i.vTaskRemoveFromUnorderedEventList)
    vTaskStartScheduler                      0x08003ddd   Thumb Code   118  tasks.o(i.vTaskStartScheduler)
    vTaskSuspendAll                          0x08003e65   Thumb Code    10  tasks.o(i.vTaskSuspendAll)
    vTaskSwitchContext                       0x08003e75   Thumb Code    90  tasks.o(i.vTaskSwitchContext)
    xEventGroupClearBits                     0x08003ed9   Thumb Code    64  event_groups.o(i.xEventGroupClearBits)
    xEventGroupCreate                        0x08003f19   Thumb Code    28  event_groups.o(i.xEventGroupCreate)
    xEventGroupSetBits                       0x08003f35   Thumb Code   140  event_groups.o(i.xEventGroupSetBits)
    xEventGroupSetBitsFromISR                0x08003fc1   Thumb Code    12  event_groups.o(i.xEventGroupSetBitsFromISR)
    xEventGroupWaitBits                      0x08003fd1   Thumb Code   260  event_groups.o(i.xEventGroupWaitBits)
    xMBMasterPortEventGet                    0x080040d9   Thumb Code    54  portevent_m.o(i.xMBMasterPortEventGet)
    xMBMasterPortEventInit                   0x08004115   Thumb Code    18  portevent_m.o(i.xMBMasterPortEventInit)
    xMBMasterPortEventPost                   0x0800412d   Thumb Code    40  portevent_m.o(i.xMBMasterPortEventPost)
    xMBMasterPortSerialGetByte               0x08004159   Thumb Code    20  portserial_m.o(i.xMBMasterPortSerialGetByte)
    xMBMasterPortSerialInit                  0x08004171   Thumb Code   160  portserial_m.o(i.xMBMasterPortSerialInit)
    xMBMasterPortSerialPutByte               0x0800423d   Thumb Code    20  portserial_m.o(i.xMBMasterPortSerialPutByte)
    xMBMasterPortTimersInit                  0x08004255   Thumb Code    44  porttimer_m.o(i.xMBMasterPortTimersInit)
    xMBMasterRTUReceiveFSM                   0x08004295   Thumb Code    94  mbrtu_m.o(i.xMBMasterRTUReceiveFSM)
    xMBMasterRTUTimerExpired                 0x080042fd   Thumb Code    94  mbrtu_m.o(i.xMBMasterRTUTimerExpired)
    xMBMasterRTUTransmitFSM                  0x08004361   Thumb Code    98  mbrtu_m.o(i.xMBMasterRTUTransmitFSM)
    xMBMasterRequestIsBroadcast              0x080043cd   Thumb Code     6  mbrtu_m.o(i.xMBMasterRequestIsBroadcast)
    xMBMasterRunResTake                      0x080043d9   Thumb Code    28  portevent_m.o(i.xMBMasterRunResTake)
    xMBPortEventGet                          0x080043f9   Thumb Code    50  portevent.o(i.xMBPortEventGet)
    xMBPortEventInit                         0x08004431   Thumb Code    18  portevent.o(i.xMBPortEventInit)
    xMBPortEventPost                         0x08004449   Thumb Code    42  portevent.o(i.xMBPortEventPost)
    xMBPortSerialGetByte                     0x08004479   Thumb Code    20  portserial.o(i.xMBPortSerialGetByte)
    xMBPortSerialInit                        0x08004491   Thumb Code   160  portserial.o(i.xMBPortSerialInit)
    xMBPortSerialPutByte                     0x08004559   Thumb Code    20  portserial.o(i.xMBPortSerialPutByte)
    xMBPortTimersInit                        0x08004571   Thumb Code    42  porttimer.o(i.xMBPortTimersInit)
    xMBRTUReceiveFSM                         0x080045b1   Thumb Code    88  mbrtu.o(i.xMBRTUReceiveFSM)
    xMBRTUTimerT35Expired                    0x08004611   Thumb Code    36  mbrtu.o(i.xMBRTUTimerT35Expired)
    xMBRTUTransmitFSM                        0x08004639   Thumb Code    76  mbrtu.o(i.xMBRTUTransmitFSM)
    xMBUtilGetBits                           0x08004689   Thumb Code    34  mbutils.o(i.xMBUtilGetBits)
    xMBUtilSetBits                           0x080046ab   Thumb Code    42  mbutils.o(i.xMBUtilSetBits)
    xPortStartScheduler                      0x080046d5   Thumb Code   222  port.o(i.xPortStartScheduler)
    xPortSysTickHandler                      0x080047c9   Thumb Code    38  port.o(i.xPortSysTickHandler)
    xQueueGenericCreate                      0x080047f5   Thumb Code    66  queue.o(i.xQueueGenericCreate)
    xQueueGenericCreateStatic                0x08004837   Thumb Code   102  queue.o(i.xQueueGenericCreateStatic)
    xQueueGenericReset                       0x0800489d   Thumb Code   132  queue.o(i.xQueueGenericReset)
    xQueueGenericSend                        0x08004925   Thumb Code   346  queue.o(i.xQueueGenericSend)
    xQueueGenericSendFromISR                 0x08004a85   Thumb Code   190  queue.o(i.xQueueGenericSendFromISR)
    xQueueReceive                            0x08004b45   Thumb Code   308  queue.o(i.xQueueReceive)
    xQueueSemaphoreTake                      0x08004c7d   Thumb Code   372  queue.o(i.xQueueSemaphoreTake)
    xTaskCheckForTimeOut                     0x08004df5   Thumb Code   112  tasks.o(i.xTaskCheckForTimeOut)
    xTaskCreate                              0x08004e69   Thumb Code    90  tasks.o(i.xTaskCreate)
    xTaskCreateStatic                        0x08004ec3   Thumb Code    86  tasks.o(i.xTaskCreateStatic)
    xTaskGetSchedulerState                   0x08004f19   Thumb Code    22  tasks.o(i.xTaskGetSchedulerState)
    xTaskGetTickCount                        0x08004f35   Thumb Code     6  tasks.o(i.xTaskGetTickCount)
    xTaskGetTickCountFromISR                 0x08004f41   Thumb Code    12  tasks.o(i.xTaskGetTickCountFromISR)
    xTaskIncrementTick                       0x08004f51   Thumb Code   192  tasks.o(i.xTaskIncrementTick)
    xTaskPriorityDisinherit                  0x08005019   Thumb Code   118  tasks.o(i.xTaskPriorityDisinherit)
    xTaskPriorityInherit                     0x08005099   Thumb Code   112  tasks.o(i.xTaskPriorityInherit)
    xTaskRemoveFromEventList                 0x08005111   Thumb Code    98  tasks.o(i.xTaskRemoveFromEventList)
    xTaskResumeAll                           0x08005181   Thumb Code   182  tasks.o(i.xTaskResumeAll)
    xTimerCreate                             0x08005245   Thumb Code    52  timers.o(i.xTimerCreate)
    xTimerCreateTimerTask                    0x08005279   Thumb Code    78  timers.o(i.xTimerCreateTimerTask)
    xTimerGenericCommand                     0x080052d9   Thumb Code    98  timers.o(i.xTimerGenericCommand)
    xTimerPendFunctionCallFromISR            0x08005341   Thumb Code    34  timers.o(i.xTimerPendFunctionCallFromISR)
    _fp_init                                 0x08005369   Thumb Code    10  fpinit.o(x$fpl$fpinit)
    __fplib_config_fpu_vfp                   0x08005371   Thumb Code     0  fpinit.o(x$fpl$fpinit)
    __fplib_config_pureend_doubles           0x08005371   Thumb Code     0  fpinit.o(x$fpl$fpinit)
    AHBPrescTable                            0x08005372   Data          16  system_stm32f4xx.o(.constdata)
    APBPrescTable                            0x08005382   Data           8  system_stm32f4xx.o(.constdata)
    MasterTask_attributes                    0x0800538c   Data          36  freertos.o(.constdata)
    Slave_Task_attributes                    0x080053b0   Data          36  freertos.o(.constdata)
    MasterSendTask_attributes                0x080053d4   Data          36  freertos.o(.constdata)
    Region$$Table$$Base                      0x08005634   Number         0  anon$$obj.o(Region$$Table)
    Region$$Table$$Limit                     0x08005654   Number         0  anon$$obj.o(Region$$Table)
    uwTickFreq                               0x20000000   Data           1  stm32f4xx_hal.o(.data)
    uwTickPrio                               0x20000004   Data           4  stm32f4xx_hal.o(.data)
    uwTick                                   0x20000008   Data           4  stm32f4xx_hal.o(.data)
    pxCurrentTCB                             0x2000000c   Data           4  tasks.o(.data)
    SystemCoreClock                          0x2000008c   Data           4  system_stm32f4xx.o(.data)
    MasterTaskHandle                         0x20000090   Data           4  freertos.o(.data)
    Slave_TaskHandle                         0x20000094   Data           4  freertos.o(.data)
    MasterSendTaskHandle                     0x20000098   Data           4  freertos.o(.data)
    usSDiscInStart                           0x2000009c   Data           2  user_mb_app.o(.data)
    usSCoilStart                             0x2000009e   Data           2  user_mb_app.o(.data)
    usSRegInStart                            0x200000a0   Data           2  user_mb_app.o(.data)
    usSRegHoldStart                          0x200000a2   Data           2  user_mb_app.o(.data)
    ucSDiscInBuf                             0x200000a4   Data           2  user_mb_app.o(.data)
    ucSCoilBuf                               0x200000a6   Data           8  user_mb_app.o(.data)
    usSRegHoldBuf                            0x200000ae   Data         200  user_mb_app.o(.data)
    pxMBFrameCBByteReceived                  0x200001ac   Data           4  mb.o(.data)
    pxMBFrameCBTransmitterEmpty              0x200001b0   Data           4  mb.o(.data)
    pxMBPortCBTimerExpired                   0x200001b4   Data           4  mb.o(.data)
    usMDiscInStart                           0x20000248   Data           2  user_mb_app_m.o(.data)
    usMCoilStart                             0x2000024a   Data           2  user_mb_app_m.o(.data)
    usMRegInStart                            0x2000024c   Data           2  user_mb_app_m.o(.data)
    usMRegHoldStart                          0x2000024e   Data           2  user_mb_app_m.o(.data)
    pxMBMasterFrameCBByteReceived            0x20000294   Data           4  mb_m.o(.data)
    pxMBMasterFrameCBTransmitterEmpty        0x20000298   Data           4  mb_m.o(.data)
    pxMBMasterPortCBTimerExpired             0x2000029c   Data           4  mb_m.o(.data)
    xQueueRegistry                           0x20000330   Data          64  queue.o(.bss)
    huart1                                   0x20004c04   Data         120  usart.o(.bss)
    huart2                                   0x20004c7c   Data         120  usart.o(.bss)
    huart3                                   0x20004cf4   Data         120  usart.o(.bss)
    htim6                                    0x20004d6c   Data         180  stm32f4xx_hal_timebase_tim.o(.bss)
    usSRegInBuf                              0x20004e20   Data         200  user_mb_app.o(.bss)
    g_Slave_serial_rx_fifo                   0x20004fe8   Data          16  portserial.o(.bss)
    ucRTUBuf                                 0x20005018   Data         256  mbrtu.o(.bss)
    ucMDiscInBuf                             0x20005118   Data          32  user_mb_app_m.o(.bss)
    ucMCoilBuf                               0x20005138   Data         128  user_mb_app_m.o(.bss)
    usMRegInBuf                              0x200051b8   Data        3200  user_mb_app_m.o(.bss)
    usMRegHoldBuf                            0x20005e38   Data        3200  user_mb_app_m.o(.bss)
    __libspace_start                         0x20006dc8   Data          96  libspace.o(.bss)
    __temporary_stack_top$libspace           0x20006e28   Data           0  libspace.o(.bss)



==============================================================================

Memory Map of the image

  Image Entry point : 0x08000189

  Load Region LR_IROM1 (Base: 0x08000000, Size: 0x00005984, Max: 0x00100000, ABSOLUTE, COMPRESSED[0x000056e4])

    Execution Region ER_IROM1 (Exec base: 0x08000000, Load base: 0x08000000, Size: 0x00005654, Max: 0x00100000, ABSOLUTE)

    Exec Addr    Load Addr    Size         Type   Attr      Idx    E Section Name        Object

    0x08000000   0x08000000   0x00000188   Data   RO            3    RESET               startup_stm32f407xx.o
    0x08000188   0x08000188   0x00000008   Code   RO         6164  * !!!main             c_w.l(__main.o)
    0x08000190   0x08000190   0x00000034   Code   RO         6337    !!!scatter          c_w.l(__scatter.o)
    0x080001c4   0x080001c4   0x0000005a   Code   RO         6335    !!dczerorl2         c_w.l(__dczerorl2.o)
    0x0800021e   0x0800021e   0x00000002   PAD
    0x08000220   0x08000220   0x0000001c   Code   RO         6339    !!handler_zi        c_w.l(__scatter_zi.o)
    0x0800023c   0x0800023c   0x00000002   Code   RO         6203    .ARM.Collect$$libinit$$00000000  c_w.l(libinit.o)
    0x0800023e   0x0800023e   0x00000004   Code   RO         6215    .ARM.Collect$$libinit$$00000001  c_w.l(libinit2.o)
    0x08000242   0x08000242   0x00000000   Code   RO         6218    .ARM.Collect$$libinit$$00000004  c_w.l(libinit2.o)
    0x08000242   0x08000242   0x00000000   Code   RO         6221    .ARM.Collect$$libinit$$0000000A  c_w.l(libinit2.o)
    0x08000242   0x08000242   0x00000000   Code   RO         6223    .ARM.Collect$$libinit$$0000000C  c_w.l(libinit2.o)
    0x08000242   0x08000242   0x00000000   Code   RO         6225    .ARM.Collect$$libinit$$0000000E  c_w.l(libinit2.o)
    0x08000242   0x08000242   0x00000000   Code   RO         6228    .ARM.Collect$$libinit$$00000011  c_w.l(libinit2.o)
    0x08000242   0x08000242   0x00000000   Code   RO         6230    .ARM.Collect$$libinit$$00000013  c_w.l(libinit2.o)
    0x08000242   0x08000242   0x00000000   Code   RO         6232    .ARM.Collect$$libinit$$00000015  c_w.l(libinit2.o)
    0x08000242   0x08000242   0x00000000   Code   RO         6234    .ARM.Collect$$libinit$$00000017  c_w.l(libinit2.o)
    0x08000242   0x08000242   0x00000000   Code   RO         6236    .ARM.Collect$$libinit$$00000019  c_w.l(libinit2.o)
    0x08000242   0x08000242   0x00000000   Code   RO         6238    .ARM.Collect$$libinit$$0000001B  c_w.l(libinit2.o)
    0x08000242   0x08000242   0x00000000   Code   RO         6240    .ARM.Collect$$libinit$$0000001D  c_w.l(libinit2.o)
    0x08000242   0x08000242   0x00000000   Code   RO         6242    .ARM.Collect$$libinit$$0000001F  c_w.l(libinit2.o)
    0x08000242   0x08000242   0x00000000   Code   RO         6244    .ARM.Collect$$libinit$$00000021  c_w.l(libinit2.o)
    0x08000242   0x08000242   0x00000000   Code   RO         6246    .ARM.Collect$$libinit$$00000023  c_w.l(libinit2.o)
    0x08000242   0x08000242   0x00000000   Code   RO         6248    .ARM.Collect$$libinit$$00000025  c_w.l(libinit2.o)
    0x08000242   0x08000242   0x00000000   Code   RO         6252    .ARM.Collect$$libinit$$0000002C  c_w.l(libinit2.o)
    0x08000242   0x08000242   0x00000000   Code   RO         6254    .ARM.Collect$$libinit$$0000002E  c_w.l(libinit2.o)
    0x08000242   0x08000242   0x00000000   Code   RO         6256    .ARM.Collect$$libinit$$00000030  c_w.l(libinit2.o)
    0x08000242   0x08000242   0x00000000   Code   RO         6258    .ARM.Collect$$libinit$$00000032  c_w.l(libinit2.o)
    0x08000242   0x08000242   0x00000002   Code   RO         6259    .ARM.Collect$$libinit$$00000033  c_w.l(libinit2.o)
    0x08000244   0x08000244   0x00000002   Code   RO         6290    .ARM.Collect$$libshutdown$$00000000  c_w.l(libshutdown.o)
    0x08000246   0x08000246   0x00000000   Code   RO         6316    .ARM.Collect$$libshutdown$$00000002  c_w.l(libshutdown2.o)
    0x08000246   0x08000246   0x00000000   Code   RO         6318    .ARM.Collect$$libshutdown$$00000004  c_w.l(libshutdown2.o)
    0x08000246   0x08000246   0x00000000   Code   RO         6320    .ARM.Collect$$libshutdown$$00000006  c_w.l(libshutdown2.o)
    0x08000246   0x08000246   0x00000000   Code   RO         6323    .ARM.Collect$$libshutdown$$00000009  c_w.l(libshutdown2.o)
    0x08000246   0x08000246   0x00000000   Code   RO         6326    .ARM.Collect$$libshutdown$$0000000C  c_w.l(libshutdown2.o)
    0x08000246   0x08000246   0x00000000   Code   RO         6328    .ARM.Collect$$libshutdown$$0000000E  c_w.l(libshutdown2.o)
    0x08000246   0x08000246   0x00000000   Code   RO         6331    .ARM.Collect$$libshutdown$$00000011  c_w.l(libshutdown2.o)
    0x08000246   0x08000246   0x00000002   Code   RO         6332    .ARM.Collect$$libshutdown$$00000012  c_w.l(libshutdown2.o)
    0x08000248   0x08000248   0x00000000   Code   RO         6166    .ARM.Collect$$rtentry$$00000000  c_w.l(__rtentry.o)
    0x08000248   0x08000248   0x00000000   Code   RO         6174    .ARM.Collect$$rtentry$$00000002  c_w.l(__rtentry2.o)
    0x08000248   0x08000248   0x00000006   Code   RO         6186    .ARM.Collect$$rtentry$$00000004  c_w.l(__rtentry4.o)
    0x0800024e   0x0800024e   0x00000000   Code   RO         6176    .ARM.Collect$$rtentry$$00000009  c_w.l(__rtentry2.o)
    0x0800024e   0x0800024e   0x00000004   Code   RO         6177    .ARM.Collect$$rtentry$$0000000A  c_w.l(__rtentry2.o)
    0x08000252   0x08000252   0x00000000   Code   RO         6179    .ARM.Collect$$rtentry$$0000000C  c_w.l(__rtentry2.o)
    0x08000252   0x08000252   0x00000008   Code   RO         6180    .ARM.Collect$$rtentry$$0000000D  c_w.l(__rtentry2.o)
    0x0800025a   0x0800025a   0x00000002   Code   RO         6207    .ARM.Collect$$rtexit$$00000000  c_w.l(rtexit.o)
    0x0800025c   0x0800025c   0x00000000   Code   RO         6263    .ARM.Collect$$rtexit$$00000002  c_w.l(rtexit2.o)
    0x0800025c   0x0800025c   0x00000004   Code   RO         6264    .ARM.Collect$$rtexit$$00000003  c_w.l(rtexit2.o)
    0x08000260   0x08000260   0x00000006   Code   RO         6265    .ARM.Collect$$rtexit$$00000004  c_w.l(rtexit2.o)
    0x08000266   0x08000266   0x00000002   PAD
    0x08000268   0x08000268   0x000000be   Code   RO         4351    .emb_text           port.o
    0x08000326   0x08000326   0x00000002   PAD
    0x08000328   0x08000328   0x00000040   Code   RO            4    .text               startup_stm32f407xx.o
    0x08000368   0x08000368   0x000000ee   Code   RO         6150    .text               c_w.l(lludivv7m.o)
    0x08000456   0x08000456   0x0000008a   Code   RO         6152    .text               c_w.l(rt_memcpy_v6.o)
    0x080004e0   0x080004e0   0x00000064   Code   RO         6154    .text               c_w.l(rt_memcpy_w.o)
    0x08000544   0x08000544   0x00000010   Code   RO         6158    .text               c_w.l(aeabi_memset.o)
    0x08000554   0x08000554   0x0000004e   Code   RO         6160    .text               c_w.l(rt_memclr_w.o)
    0x080005a2   0x080005a2   0x00000006   Code   RO         6162    .text               c_w.l(heapauxi.o)
    0x080005a8   0x080005a8   0x00000044   Code   RO         6171    .text               c_w.l(rt_memclr.o)
    0x080005ec   0x080005ec   0x0000004a   Code   RO         6190    .text               c_w.l(sys_stackheap_outer.o)
    0x08000636   0x08000636   0x00000012   Code   RO         6192    .text               c_w.l(exit.o)
    0x08000648   0x08000648   0x00000008   Code   RO         6204    .text               c_w.l(libspace.o)
    0x08000650   0x08000650   0x0000000c   Code   RO         6260    .text               c_w.l(sys_exit.o)
    0x0800065c   0x0800065c   0x00000002   Code   RO         6279    .text               c_w.l(use_no_semi.o)
    0x0800065e   0x0800065e   0x00000000   Code   RO         6281    .text               c_w.l(indicate_semi.o)
    0x0800065e   0x0800065e   0x00000002   Code   RO         4718    i.BusFault_Handler  stm32f4xx_it.o
    0x08000660   0x08000660   0x00000002   Code   RO         4719    i.DebugMon_Handler  stm32f4xx_it.o
    0x08000662   0x08000662   0x00000004   Code   RO         4960    i.EnterCriticalSection  port_1.o
    0x08000666   0x08000666   0x00000004   Code   RO         4469    i.Error_Handler     main.o
    0x0800066a   0x0800066a   0x00000004   Code   RO         4961    i.ExitCriticalSection  port_1.o
    0x0800066e   0x0800066e   0x00000038   Code   RO         4869    i.FifoIn            fifo_lib.o
    0x080006a6   0x080006a6   0x0000000c   Code   RO         4870    i.FifoInit          fifo_lib.o
    0x080006b2   0x080006b2   0x00000002   PAD
    0x080006b4   0x080006b4   0x00000032   Code   RO         4871    i.FifoOut           fifo_lib.o
    0x080006e6   0x080006e6   0x00000002   PAD
    0x080006e8   0x080006e8   0x000001f0   Code   RO          462    i.HAL_GPIO_Init     stm32f4xx_hal_gpio.o
    0x080008d8   0x080008d8   0x0000000c   Code   RO         1012    i.HAL_GetTick       stm32f4xx_hal.o
    0x080008e4   0x080008e4   0x00000010   Code   RO         1018    i.HAL_IncTick       stm32f4xx_hal.o
    0x080008f4   0x080008f4   0x00000034   Code   RO         1019    i.HAL_Init          stm32f4xx_hal.o
    0x08000928   0x08000928   0x00000098   Code   RO         4824    i.HAL_InitTick      stm32f4xx_hal_timebase_tim.o
    0x080009c0   0x080009c0   0x00000038   Code   RO         4800    i.HAL_MspInit       stm32f4xx_hal_msp.o
    0x080009f8   0x080009f8   0x0000001a   Code   RO          854    i.HAL_NVIC_EnableIRQ  stm32f4xx_hal_cortex.o
    0x08000a12   0x08000a12   0x00000002   PAD
    0x08000a14   0x08000a14   0x00000040   Code   RO          860    i.HAL_NVIC_SetPriority  stm32f4xx_hal_cortex.o
    0x08000a54   0x08000a54   0x00000024   Code   RO          861    i.HAL_NVIC_SetPriorityGrouping  stm32f4xx_hal_cortex.o
    0x08000a78   0x08000a78   0x00000134   Code   RO           14    i.HAL_RCC_ClockConfig  stm32f4xx_hal_rcc.o
    0x08000bac   0x08000bac   0x00000040   Code   RO           18    i.HAL_RCC_GetClockConfig  stm32f4xx_hal_rcc.o
    0x08000bec   0x08000bec   0x00000020   Code   RO           21    i.HAL_RCC_GetPCLK1Freq  stm32f4xx_hal_rcc.o
    0x08000c0c   0x08000c0c   0x00000020   Code   RO           22    i.HAL_RCC_GetPCLK2Freq  stm32f4xx_hal_rcc.o
    0x08000c2c   0x08000c2c   0x00000064   Code   RO           23    i.HAL_RCC_GetSysClockFreq  stm32f4xx_hal_rcc.o
    0x08000c90   0x08000c90   0x0000036c   Code   RO           26    i.HAL_RCC_OscConfig  stm32f4xx_hal_rcc.o
    0x08000ffc   0x08000ffc   0x00000002   Code   RO         1981    i.HAL_TIMEx_BreakCallback  stm32f4xx_hal_tim_ex.o
    0x08000ffe   0x08000ffe   0x00000002   Code   RO         1982    i.HAL_TIMEx_CommutCallback  stm32f4xx_hal_tim_ex.o
    0x08001000   0x08001000   0x00000002   Code   RO         1983    i.HAL_TIMEx_CommutHalfCpltCallback  stm32f4xx_hal_tim_ex.o
    0x08001002   0x08001002   0x00000002   PAD
    0x08001004   0x08001004   0x0000006c   Code   RO         1259    i.HAL_TIM_Base_Init  stm32f4xx_hal_tim.o
    0x08001070   0x08001070   0x00000002   Code   RO         1261    i.HAL_TIM_Base_MspInit  stm32f4xx_hal_tim.o
    0x08001072   0x08001072   0x00000002   PAD
    0x08001074   0x08001074   0x00000080   Code   RO         1264    i.HAL_TIM_Base_Start_IT  stm32f4xx_hal_tim.o
    0x080010f4   0x080010f4   0x00000002   Code   RO         1289    i.HAL_TIM_ErrorCallback  stm32f4xx_hal_tim.o
    0x080010f6   0x080010f6   0x00000002   Code   RO         1293    i.HAL_TIM_IC_CaptureCallback  stm32f4xx_hal_tim.o
    0x080010f8   0x080010f8   0x00000002   Code   RO         1294    i.HAL_TIM_IC_CaptureHalfCpltCallback  stm32f4xx_hal_tim.o
    0x080010fa   0x080010fa   0x00000148   Code   RO         1307    i.HAL_TIM_IRQHandler  stm32f4xx_hal_tim.o
    0x08001242   0x08001242   0x00000002   Code   RO         1310    i.HAL_TIM_OC_DelayElapsedCallback  stm32f4xx_hal_tim.o
    0x08001244   0x08001244   0x00000002   Code   RO         1337    i.HAL_TIM_PWM_PulseFinishedCallback  stm32f4xx_hal_tim.o
    0x08001246   0x08001246   0x00000002   Code   RO         1338    i.HAL_TIM_PWM_PulseFinishedHalfCpltCallback  stm32f4xx_hal_tim.o
    0x08001248   0x08001248   0x00000014   Code   RO         4470    i.HAL_TIM_PeriodElapsedCallback  main.o
    0x0800125c   0x0800125c   0x00000002   Code   RO         1346    i.HAL_TIM_PeriodElapsedHalfCpltCallback  stm32f4xx_hal_tim.o
    0x0800125e   0x0800125e   0x00000002   Code   RO         1351    i.HAL_TIM_TriggerCallback  stm32f4xx_hal_tim.o
    0x08001260   0x08001260   0x00000002   Code   RO         1352    i.HAL_TIM_TriggerHalfCpltCallback  stm32f4xx_hal_tim.o
    0x08001262   0x08001262   0x00000002   Code   RO         2260    i.HAL_UARTEx_RxEventCallback  stm32f4xx_hal_uart.o
    0x08001264   0x08001264   0x00000002   Code   RO         2262    i.HAL_UART_AbortCpltCallback  stm32f4xx_hal_uart.o
    0x08001266   0x08001266   0x00000002   Code   RO         2264    i.HAL_UART_AbortReceiveCpltCallback  stm32f4xx_hal_uart.o
    0x08001268   0x08001268   0x00000002   Code   RO         2267    i.HAL_UART_AbortTransmitCpltCallback  stm32f4xx_hal_uart.o
    0x0800126a   0x0800126a   0x00000002   Code   RO         2274    i.HAL_UART_ErrorCallback  stm32f4xx_hal_uart.o
    0x0800126c   0x0800126c   0x00000078   Code   RO         2278    i.HAL_UART_Init     stm32f4xx_hal_uart.o
    0x080012e4   0x080012e4   0x0000011c   Code   RO         4649    i.HAL_UART_MspInit  usart.o
    0x08001400   0x08001400   0x00000076   Code   RO         2284    i.HAL_UART_RegisterCallback  stm32f4xx_hal_uart.o
    0x08001476   0x08001476   0x00000002   Code   RO         2286    i.HAL_UART_RxCpltCallback  stm32f4xx_hal_uart.o
    0x08001478   0x08001478   0x00000002   Code   RO         2287    i.HAL_UART_RxHalfCpltCallback  stm32f4xx_hal_uart.o
    0x0800147a   0x0800147a   0x00000002   Code   RO         2291    i.HAL_UART_TxCpltCallback  stm32f4xx_hal_uart.o
    0x0800147c   0x0800147c   0x00000002   Code   RO         2292    i.HAL_UART_TxHalfCpltCallback  stm32f4xx_hal_uart.o
    0x0800147e   0x0800147e   0x00000002   Code   RO         4720    i.HardFault_Handler  stm32f4xx_it.o
    0x08001480   0x08001480   0x0000000e   Code   RO         4984    i.IS_IRQ            port_1.o
    0x0800148e   0x0800148e   0x00000002   PAD
    0x08001490   0x08001490   0x00000068   Code   RO         4554    i.MX_FREERTOS_Init  freertos.o
    0x080014f8   0x080014f8   0x0000004c   Code   RO         4530    i.MX_GPIO_Init      gpio.o
    0x08001544   0x08001544   0x00000038   Code   RO         4650    i.MX_USART1_UART_Init  usart.o
    0x0800157c   0x0800157c   0x00000038   Code   RO         4651    i.MX_USART2_UART_Init  usart.o
    0x080015b4   0x080015b4   0x00000038   Code   RO         4652    i.MX_USART3_UART_Init  usart.o
    0x080015ec   0x080015ec   0x00000044   Code   RO         4555    i.MasterSendTaskFun  freertos.o
    0x08001630   0x08001630   0x00000006   Code   RO         4556    i.MasterTaskFun     freertos.o
    0x08001636   0x08001636   0x00000002   PAD
    0x08001638   0x08001638   0x00000034   Code   RO         5654    i.Master_RxCpltCallback  portserial_m.o
    0x0800166c   0x0800166c   0x00000002   Code   RO         4721    i.MemManage_Handler  stm32f4xx_it.o
    0x0800166e   0x0800166e   0x00000002   Code   RO         4722    i.NMI_Handler       stm32f4xx_it.o
    0x08001670   0x08001670   0x00000034   Code   RO         5034    i.Slave_RxCpltCallback  portserial.o
    0x080016a4   0x080016a4   0x0000000a   Code   RO         4557    i.Slave_TaskFun     freertos.o
    0x080016ae   0x080016ae   0x0000001a   Code   RO         3779    i.SysTick_Handler   cmsis_os2.o
    0x080016c8   0x080016c8   0x00000094   Code   RO         4471    i.SystemClock_Config  main.o
    0x0800175c   0x0800175c   0x00000010   Code   RO         4432    i.SystemInit        system_stm32f4xx.o
    0x0800176c   0x0800176c   0x0000000c   Code   RO         4723    i.TIM6_DAC_IRQHandler  stm32f4xx_it.o
    0x08001778   0x08001778   0x000000d8   Code   RO         1354    i.TIM_Base_SetConfig  stm32f4xx_hal_tim.o
    0x08001850   0x08001850   0x0000006c   Code   RO         1371    i.TIM_ResetCallback  stm32f4xx_hal_tim.o
    0x080018bc   0x080018bc   0x0000004c   Code   RO         2307    i.UART_InitCallbacksToDefault  stm32f4xx_hal_uart.o
    0x08001908   0x08001908   0x0000010c   Code   RO         2309    i.UART_SetConfig    stm32f4xx_hal_uart.o
    0x08001a14   0x08001a14   0x00000044   Code   RO         4724    i.USART1_IRQHandler  stm32f4xx_it.o
    0x08001a58   0x08001a58   0x00000044   Code   RO         4725    i.USART2_IRQHandler  stm32f4xx_it.o
    0x08001a9c   0x08001a9c   0x00000044   Code   RO         4726    i.USART3_IRQHandler  stm32f4xx_it.o
    0x08001ae0   0x08001ae0   0x00000002   Code   RO         4727    i.UsageFault_Handler  stm32f4xx_it.o
    0x08001ae2   0x08001ae2   0x00000020   Code   RO          867    i.__NVIC_SetPriority  stm32f4xx_hal_cortex.o
    0x08001b02   0x08001b02   0x00000002   PAD
    0x08001b04   0x08001b04   0x00000020   Code   RO         5148    i.eMBEnable         mb.o
    0x08001b24   0x08001b24   0x00000072   Code   RO         5222    i.eMBFuncReadCoils  mbfunccoils.o
    0x08001b96   0x08001b96   0x00000072   Code   RO         5261    i.eMBFuncReadDiscreteInputs  mbfuncdisc.o
    0x08001c08   0x08001c08   0x00000064   Code   RO         5285    i.eMBFuncReadHoldingRegister  mbfuncholding.o
    0x08001c6c   0x08001c6c   0x00000062   Code   RO         5327    i.eMBFuncReadInputRegister  mbfuncinput.o
    0x08001cce   0x08001cce   0x0000009c   Code   RO         5286    i.eMBFuncReadWriteMultipleHoldingRegister  mbfuncholding.o
    0x08001d6a   0x08001d6a   0x00000002   PAD
    0x08001d6c   0x08001d6c   0x00000024   Code   RO         5351    i.eMBFuncReportSlaveID  mbfuncother.o
    0x08001d90   0x08001d90   0x00000056   Code   RO         5223    i.eMBFuncWriteCoil  mbfunccoils.o
    0x08001de6   0x08001de6   0x00000032   Code   RO         5287    i.eMBFuncWriteHoldingRegister  mbfuncholding.o
    0x08001e18   0x08001e18   0x00000064   Code   RO         5224    i.eMBFuncWriteMultipleCoils  mbfunccoils.o
    0x08001e7c   0x08001e7c   0x0000004e   Code   RO         5288    i.eMBFuncWriteMultipleHoldingRegister  mbfuncholding.o
    0x08001eca   0x08001eca   0x00000002   PAD
    0x08001ecc   0x08001ecc   0x00000080   Code   RO         5149    i.eMBInit           mb.o
    0x08001f4c   0x08001f4c   0x00000020   Code   RO         5772    i.eMBMasterEnable   mb_m.o
    0x08001f6c   0x08001f6c   0x00000062   Code   RO         5971    i.eMBMasterFuncReadCoils  mbfunccoils_m.o
    0x08001fce   0x08001fce   0x00000060   Code   RO         6025    i.eMBMasterFuncReadDiscreteInputs  mbfuncdisc_m.o
    0x0800202e   0x0800202e   0x00000052   Code   RO         6055    i.eMBMasterFuncReadHoldingRegister  mbfuncholding_m.o
    0x08002080   0x08002080   0x00000050   Code   RO         6121    i.eMBMasterFuncReadInputRegister  mbfuncinput_m.o
    0x080020d0   0x080020d0   0x00000072   Code   RO         6056    i.eMBMasterFuncReadWriteMultipleHoldingRegister  mbfuncholding_m.o
    0x08002142   0x08002142   0x00000056   Code   RO         5972    i.eMBMasterFuncWriteCoil  mbfunccoils_m.o
    0x08002198   0x08002198   0x00000032   Code   RO         6057    i.eMBMasterFuncWriteHoldingRegister  mbfuncholding_m.o
    0x080021ca   0x080021ca   0x00000060   Code   RO         5973    i.eMBMasterFuncWriteMultipleCoils  mbfunccoils_m.o
    0x0800222a   0x0800222a   0x0000004c   Code   RO         6058    i.eMBMasterFuncWriteMultipleHoldingRegister  mbfuncholding_m.o
    0x08002276   0x08002276   0x00000002   PAD
    0x08002278   0x08002278   0x00000074   Code   RO         5774    i.eMBMasterInit     mb_m.o
    0x080022ec   0x080022ec   0x00000148   Code   RO         5776    i.eMBMasterPoll     mb_m.o
    0x08002434   0x08002434   0x0000004c   Code   RO         5866    i.eMBMasterRTUInit  mbrtu_m.o
    0x08002480   0x08002480   0x0000004c   Code   RO         5867    i.eMBMasterRTUReceive  mbrtu_m.o
    0x080024cc   0x080024cc   0x00000070   Code   RO         5868    i.eMBMasterRTUSend  mbrtu_m.o
    0x0800253c   0x0800253c   0x00000024   Code   RO         5869    i.eMBMasterRTUStart  mbrtu_m.o
    0x08002560   0x08002560   0x0000001a   Code   RO         5870    i.eMBMasterRTUStop  mbrtu_m.o
    0x0800257a   0x0800257a   0x00000002   PAD
    0x0800257c   0x0800257c   0x0000007c   Code   RO         5522    i.eMBMasterRegCoilsCB  user_mb_app_m.o
    0x080025f8   0x080025f8   0x0000007c   Code   RO         5523    i.eMBMasterRegDiscreteCB  user_mb_app_m.o
    0x08002674   0x08002674   0x00000068   Code   RO         5524    i.eMBMasterRegHoldingCB  user_mb_app_m.o
    0x080026dc   0x080026dc   0x00000068   Code   RO         5525    i.eMBMasterRegInputCB  user_mb_app_m.o
    0x08002744   0x08002744   0x00000090   Code   RO         6062    i.eMBMasterReqWriteMultipleHoldingRegister  mbfuncholding_m.o
    0x080027d4   0x080027d4   0x00000040   Code   RO         5568    i.eMBMasterWaitRequestFinish  portevent_m.o
    0x08002814   0x08002814   0x000000b0   Code   RO         5150    i.eMBPoll           mb.o
    0x080028c4   0x080028c4   0x0000004c   Code   RO         5446    i.eMBRTUInit        mbrtu.o
    0x08002910   0x08002910   0x0000004c   Code   RO         5447    i.eMBRTUReceive     mbrtu.o
    0x0800295c   0x0800295c   0x0000006c   Code   RO         5448    i.eMBRTUSend        mbrtu.o
    0x080029c8   0x080029c8   0x00000024   Code   RO         5449    i.eMBRTUStart       mbrtu.o
    0x080029ec   0x080029ec   0x0000001a   Code   RO         5450    i.eMBRTUStop        mbrtu.o
    0x08002a06   0x08002a06   0x00000002   PAD
    0x08002a08   0x08002a08   0x000000a0   Code   RO         4908    i.eMBRegCoilsCB     user_mb_app.o
    0x08002aa8   0x08002aa8   0x00000074   Code   RO         4909    i.eMBRegDiscreteCB  user_mb_app.o
    0x08002b1c   0x08002b1c   0x00000070   Code   RO         4910    i.eMBRegHoldingCB   user_mb_app.o
    0x08002b8c   0x08002b8c   0x0000004c   Code   RO         4911    i.eMBRegInputCB     user_mb_app.o
    0x08002bd8   0x08002bd8   0x00000026   Code   RO         4472    i.main              main.o
    0x08002bfe   0x08002bfe   0x0000001a   Code   RO         3781    i.osDelay           cmsis_os2.o
    0x08002c18   0x08002c18   0x00000024   Code   RO         3795    i.osKernelInitialize  cmsis_os2.o
    0x08002c3c   0x08002c3c   0x00000038   Code   RO         3798    i.osKernelStart     cmsis_os2.o
    0x08002c74   0x08002c74   0x0000008a   Code   RO         3840    i.osThreadNew       cmsis_os2.o
    0x08002cfe   0x08002cfe   0x00000002   PAD
    0x08002d00   0x08002d00   0x0000005c   Code   RO         3240    i.prvAddCurrentTaskToDelayedList  tasks.o
    0x08002d5c   0x08002d5c   0x000000d0   Code   RO         3241    i.prvAddNewTaskToReadyList  tasks.o
    0x08002e2c   0x08002e2c   0x00000058   Code   RO         3605    i.prvCheckForValidListAndQueue  timers.o
    0x08002e84   0x08002e84   0x00000026   Code   RO         2837    i.prvCopyDataFromQueue  queue.o
    0x08002eaa   0x08002eaa   0x0000006c   Code   RO         2838    i.prvCopyDataToQueue  queue.o
    0x08002f16   0x08002f16   0x00000034   Code   RO         3242    i.prvDeleteTCB      tasks.o
    0x08002f4a   0x08002f4a   0x00000002   PAD
    0x08002f4c   0x08002f4c   0x0000004c   Code   RO         4296    i.prvHeapInit       heap_4.o
    0x08002f98   0x08002f98   0x00000060   Code   RO         3243    i.prvIdleTask       tasks.o
    0x08002ff8   0x08002ff8   0x00000022   Code   RO         2840    i.prvInitialiseNewQueue  queue.o
    0x0800301a   0x0800301a   0x00000002   PAD
    0x0800301c   0x0800301c   0x000000b0   Code   RO         3244    i.prvInitialiseNewTask  tasks.o
    0x080030cc   0x080030cc   0x0000004e   Code   RO         3606    i.prvInitialiseNewTimer  timers.o
    0x0800311a   0x0800311a   0x00000002   PAD
    0x0800311c   0x0800311c   0x0000004c   Code   RO         4297    i.prvInsertBlockIntoFreeList  heap_4.o
    0x08003168   0x08003168   0x00000038   Code   RO         3607    i.prvInsertTimerInActiveList  timers.o
    0x080031a0   0x080031a0   0x0000001c   Code   RO         2841    i.prvIsQueueEmpty   queue.o
    0x080031bc   0x080031bc   0x000000fc   Code   RO         3608    i.prvProcessReceivedCommands  timers.o
    0x080032b8   0x080032b8   0x000000c0   Code   RO         3609    i.prvProcessTimerOrBlockTask  timers.o
    0x08003378   0x08003378   0x00000020   Code   RO         3246    i.prvResetNextTaskUnblockTime  tasks.o
    0x08003398   0x08003398   0x00000028   Code   RO         3610    i.prvSampleTimeNow  timers.o
    0x080033c0   0x080033c0   0x0000006c   Code   RO         3611    i.prvSwitchTimerLists  timers.o
    0x0800342c   0x0800342c   0x00000028   Code   RO         4352    i.prvTaskExitError  port.o
    0x08003454   0x08003454   0x00000014   Code   RO         2675    i.prvTestWaitCondition  event_groups.o
    0x08003468   0x08003468   0x00000024   Code   RO         3612    i.prvTimerTask      timers.o
    0x0800348c   0x0800348c   0x0000006a   Code   RO         2842    i.prvUnlockQueue    queue.o
    0x080034f6   0x080034f6   0x00000018   Code   RO         5384    i.prveMBError2Exception  mbutils.o
    0x0800350e   0x0800350e   0x00000002   PAD
    0x08003510   0x08003510   0x000000dc   Code   RO         4298    i.pvPortMalloc      heap_4.o
    0x080035ec   0x080035ec   0x00000018   Code   RO         3249    i.pvTaskIncrementMutexHeldCount  tasks.o
    0x08003604   0x08003604   0x0000002c   Code   RO         4353    i.pxPortInitialiseStack  port.o
    0x08003630   0x08003630   0x00000028   Code   RO         5035    i.serial_soft_trans_irq  portserial.o
    0x08003658   0x08003658   0x00000028   Code   RO         5655    i.serial_soft_trans_irq  portserial_m.o
    0x08003680   0x08003680   0x0000000c   Code   RO         5097    i.timer_timeout_ind  porttimer.o
    0x0800368c   0x0800368c   0x0000000c   Code   RO         5715    i.timer_timeout_ind  porttimer_m.o
    0x08003698   0x08003698   0x0000000c   Code   RO         5777    i.ucMBMasterGetDestAddress  mb_m.o
    0x080036a4   0x080036a4   0x0000002c   Code   RO         5420    i.usMBCRC16         mbcrc.o
    0x080036d0   0x080036d0   0x0000000c   Code   RO         5871    i.usMBMasterGetPDUSndLength  mbrtu_m.o
    0x080036dc   0x080036dc   0x00000026   Code   RO         2797    i.uxListRemove      list.o
    0x08003702   0x08003702   0x00000002   PAD
    0x08003704   0x08003704   0x00000018   Code   RO         3258    i.uxTaskResetEventItemValue  tasks.o
    0x0800371c   0x0800371c   0x00000014   Code   RO         3852    i.vApplicationGetIdleTaskMemory  cmsis_os2.o
    0x08003730   0x08003730   0x00000018   Code   RO         3853    i.vApplicationGetTimerTaskMemory  cmsis_os2.o
    0x08003748   0x08003748   0x00000004   Code   RO         2679    i.vEventGroupSetBitsCallback  event_groups.o
    0x0800374c   0x0800374c   0x00000016   Code   RO         2798    i.vListInitialise   list.o
    0x08003762   0x08003762   0x00000006   Code   RO         2799    i.vListInitialiseItem  list.o
    0x08003768   0x08003768   0x00000030   Code   RO         2800    i.vListInsert       list.o
    0x08003798   0x08003798   0x00000018   Code   RO         2801    i.vListInsertEnd    list.o
    0x080037b0   0x080037b0   0x00000010   Code   RO         5569    i.vMBMasterCBRequestScuuess  portevent_m.o
    0x080037c0   0x080037c0   0x00000010   Code   RO         5570    i.vMBMasterErrorCBExecuteFunction  portevent_m.o
    0x080037d0   0x080037d0   0x00000010   Code   RO         5571    i.vMBMasterErrorCBReceiveData  portevent_m.o
    0x080037e0   0x080037e0   0x00000010   Code   RO         5572    i.vMBMasterErrorCBRespondTimeout  portevent_m.o
    0x080037f0   0x080037f0   0x0000000c   Code   RO         5872    i.vMBMasterGetPDUSndBuf  mbrtu_m.o
    0x080037fc   0x080037fc   0x00000018   Code   RO         5573    i.vMBMasterOsResInit  portevent_m.o
    0x08003814   0x08003814   0x00000048   Code   RO         5657    i.vMBMasterPortSerialEnable  portserial_m.o
    0x0800385c   0x0800385c   0x00000034   Code   RO         5716    i.vMBMasterPortTimersConvertDelayEnable  porttimer_m.o
    0x08003890   0x08003890   0x00000024   Code   RO         5717    i.vMBMasterPortTimersDisable  porttimer_m.o
    0x080038b4   0x080038b4   0x00000034   Code   RO         5718    i.vMBMasterPortTimersRespondTimeoutEnable  porttimer_m.o
    0x080038e8   0x080038e8   0x00000040   Code   RO         5719    i.vMBMasterPortTimersT35Enable  porttimer_m.o
    0x08003928   0x08003928   0x00000014   Code   RO         5574    i.vMBMasterRunResRelease  portevent_m.o
    0x0800393c   0x0800393c   0x0000000c   Code   RO         5874    i.vMBMasterSetCurTimerMode  mbrtu_m.o
    0x08003948   0x08003948   0x0000000c   Code   RO         5779    i.vMBMasterSetDestAddress  mb_m.o
    0x08003954   0x08003954   0x0000000c   Code   RO         5780    i.vMBMasterSetErrorType  mb_m.o
    0x08003960   0x08003960   0x0000000c   Code   RO         5875    i.vMBMasterSetPDUSndLength  mbrtu_m.o
    0x0800396c   0x0800396c   0x00000048   Code   RO         5037    i.vMBPortSerialEnable  portserial.o
    0x080039b4   0x080039b4   0x00000024   Code   RO         5098    i.vMBPortTimersDisable  porttimer.o
    0x080039d8   0x080039d8   0x00000034   Code   RO         5099    i.vMBPortTimersEnable  porttimer.o
    0x08003a0c   0x08003a0c   0x00000040   Code   RO         4355    i.vPortEnterCritical  port.o
    0x08003a4c   0x08003a4c   0x00000028   Code   RO         4356    i.vPortExitCritical  port.o
    0x08003a74   0x08003a74   0x00000064   Code   RO         4299    i.vPortFree         heap_4.o
    0x08003ad8   0x08003ad8   0x00000024   Code   RO         4357    i.vPortSetupTimerInterrupt  port.o
    0x08003afc   0x08003afc   0x00000054   Code   RO         4358    i.vPortValidateInterruptPriority  port.o
    0x08003b50   0x08003b50   0x00000028   Code   RO         2848    i.vQueueAddToRegistry  queue.o
    0x08003b78   0x08003b78   0x00000044   Code   RO         2852    i.vQueueWaitForMessageRestricted  queue.o
    0x08003bbc   0x08003bbc   0x0000004c   Code   RO         3259    i.vTaskDelay        tasks.o
    0x08003c08   0x08003c08   0x00000010   Code   RO         3264    i.vTaskInternalSetTimeOutState  tasks.o
    0x08003c18   0x08003c18   0x0000000c   Code   RO         3265    i.vTaskMissedYield  tasks.o
    0x08003c24   0x08003c24   0x00000030   Code   RO         3267    i.vTaskPlaceOnEventList  tasks.o
    0x08003c54   0x08003c54   0x00000038   Code   RO         3268    i.vTaskPlaceOnEventListRestricted  tasks.o
    0x08003c8c   0x08003c8c   0x00000050   Code   RO         3269    i.vTaskPlaceOnUnorderedEventList  tasks.o
    0x08003cdc   0x08003cdc   0x00000090   Code   RO         3270    i.vTaskPriorityDisinheritAfterTimeout  tasks.o
    0x08003d6c   0x08003d6c   0x00000070   Code   RO         3272    i.vTaskRemoveFromUnorderedEventList  tasks.o
    0x08003ddc   0x08003ddc   0x00000088   Code   RO         3276    i.vTaskStartScheduler  tasks.o
    0x08003e64   0x08003e64   0x00000010   Code   RO         3278    i.vTaskSuspendAll   tasks.o
    0x08003e74   0x08003e74   0x00000064   Code   RO         3279    i.vTaskSwitchContext  tasks.o
    0x08003ed8   0x08003ed8   0x00000040   Code   RO         2681    i.xEventGroupClearBits  event_groups.o
    0x08003f18   0x08003f18   0x0000001c   Code   RO         2683    i.xEventGroupCreate  event_groups.o
    0x08003f34   0x08003f34   0x0000008c   Code   RO         2686    i.xEventGroupSetBits  event_groups.o
    0x08003fc0   0x08003fc0   0x00000010   Code   RO         2687    i.xEventGroupSetBitsFromISR  event_groups.o
    0x08003fd0   0x08003fd0   0x00000108   Code   RO         2689    i.xEventGroupWaitBits  event_groups.o
    0x080040d8   0x080040d8   0x0000003c   Code   RO         5575    i.xMBMasterPortEventGet  portevent_m.o
    0x08004114   0x08004114   0x00000018   Code   RO         5576    i.xMBMasterPortEventInit  portevent_m.o
    0x0800412c   0x0800412c   0x0000002c   Code   RO         5577    i.xMBMasterPortEventPost  portevent_m.o
    0x08004158   0x08004158   0x00000018   Code   RO         5658    i.xMBMasterPortSerialGetByte  portserial_m.o
    0x08004170   0x08004170   0x000000cc   Code   RO         5659    i.xMBMasterPortSerialInit  portserial_m.o
    0x0800423c   0x0800423c   0x00000018   Code   RO         5660    i.xMBMasterPortSerialPutByte  portserial_m.o
    0x08004254   0x08004254   0x00000040   Code   RO         5720    i.xMBMasterPortTimersInit  porttimer_m.o
    0x08004294   0x08004294   0x00000068   Code   RO         5876    i.xMBMasterRTUReceiveFSM  mbrtu_m.o
    0x080042fc   0x080042fc   0x00000064   Code   RO         5877    i.xMBMasterRTUTimerExpired  mbrtu_m.o
    0x08004360   0x08004360   0x0000006c   Code   RO         5878    i.xMBMasterRTUTransmitFSM  mbrtu_m.o
    0x080043cc   0x080043cc   0x0000000c   Code   RO         5879    i.xMBMasterRequestIsBroadcast  mbrtu_m.o
    0x080043d8   0x080043d8   0x00000020   Code   RO         5578    i.xMBMasterRunResTake  portevent_m.o
    0x080043f8   0x080043f8   0x00000038   Code   RO         4996    i.xMBPortEventGet   portevent.o
    0x08004430   0x08004430   0x00000018   Code   RO         4997    i.xMBPortEventInit  portevent.o
    0x08004448   0x08004448   0x00000030   Code   RO         4998    i.xMBPortEventPost  portevent.o
    0x08004478   0x08004478   0x00000018   Code   RO         5038    i.xMBPortSerialGetByte  portserial.o
    0x08004490   0x08004490   0x000000c8   Code   RO         5039    i.xMBPortSerialInit  portserial.o
    0x08004558   0x08004558   0x00000018   Code   RO         5040    i.xMBPortSerialPutByte  portserial.o
    0x08004570   0x08004570   0x00000040   Code   RO         5100    i.xMBPortTimersInit  porttimer.o
    0x080045b0   0x080045b0   0x00000060   Code   RO         5451    i.xMBRTUReceiveFSM  mbrtu.o
    0x08004610   0x08004610   0x00000028   Code   RO         5452    i.xMBRTUTimerT35Expired  mbrtu.o
    0x08004638   0x08004638   0x00000050   Code   RO         5453    i.xMBRTUTransmitFSM  mbrtu.o
    0x08004688   0x08004688   0x00000022   Code   RO         5385    i.xMBUtilGetBits    mbutils.o
    0x080046aa   0x080046aa   0x0000002a   Code   RO         5386    i.xMBUtilSetBits    mbutils.o
    0x080046d4   0x080046d4   0x000000f4   Code   RO         4359    i.xPortStartScheduler  port.o
    0x080047c8   0x080047c8   0x0000002c   Code   RO         4360    i.xPortSysTickHandler  port.o
    0x080047f4   0x080047f4   0x00000042   Code   RO         2857    i.xQueueGenericCreate  queue.o
    0x08004836   0x08004836   0x00000066   Code   RO         2858    i.xQueueGenericCreateStatic  queue.o
    0x0800489c   0x0800489c   0x00000088   Code   RO         2859    i.xQueueGenericReset  queue.o
    0x08004924   0x08004924   0x00000160   Code   RO         2860    i.xQueueGenericSend  queue.o
    0x08004a84   0x08004a84   0x000000be   Code   RO         2861    i.xQueueGenericSendFromISR  queue.o
    0x08004b42   0x08004b42   0x00000002   PAD
    0x08004b44   0x08004b44   0x00000138   Code   RO         2870    i.xQueueReceive     queue.o
    0x08004c7c   0x08004c7c   0x00000178   Code   RO         2872    i.xQueueSemaphoreTake  queue.o
    0x08004df4   0x08004df4   0x00000074   Code   RO         3281    i.xTaskCheckForTimeOut  tasks.o
    0x08004e68   0x08004e68   0x0000005a   Code   RO         3282    i.xTaskCreate       tasks.o
    0x08004ec2   0x08004ec2   0x00000056   Code   RO         3283    i.xTaskCreateStatic  tasks.o
    0x08004f18   0x08004f18   0x0000001c   Code   RO         3287    i.xTaskGetSchedulerState  tasks.o
    0x08004f34   0x08004f34   0x0000000c   Code   RO         3288    i.xTaskGetTickCount  tasks.o
    0x08004f40   0x08004f40   0x00000010   Code   RO         3289    i.xTaskGetTickCountFromISR  tasks.o
    0x08004f50   0x08004f50   0x000000c8   Code   RO         3290    i.xTaskIncrementTick  tasks.o
    0x08005018   0x08005018   0x00000080   Code   RO         3293    i.xTaskPriorityDisinherit  tasks.o
    0x08005098   0x08005098   0x00000078   Code   RO         3294    i.xTaskPriorityInherit  tasks.o
    0x08005110   0x08005110   0x00000070   Code   RO         3295    i.xTaskRemoveFromEventList  tasks.o
    0x08005180   0x08005180   0x000000c4   Code   RO         3296    i.xTaskResumeAll    tasks.o
    0x08005244   0x08005244   0x00000034   Code   RO         3619    i.xTimerCreate      timers.o
    0x08005278   0x08005278   0x00000060   Code   RO         3621    i.xTimerCreateTimerTask  timers.o
    0x080052d8   0x080052d8   0x00000068   Code   RO         3622    i.xTimerGenericCommand  timers.o
    0x08005340   0x08005340   0x00000028   Code   RO         3628    i.xTimerPendFunctionCallFromISR  timers.o
    0x08005368   0x08005368   0x0000000a   Code   RO         6275    x$fpl$fpinit        fz_wm.l(fpinit.o)
    0x08005372   0x08005372   0x00000010   Data   RO         4433    .constdata          system_stm32f4xx.o
    0x08005382   0x08005382   0x00000008   Data   RO         4434    .constdata          system_stm32f4xx.o
    0x0800538a   0x0800538a   0x00000002   PAD
    0x0800538c   0x0800538c   0x00000080   Data   RO         4558    .constdata          freertos.o
    0x0800540c   0x0800540c   0x00000200   Data   RO         5421    .constdata          mbcrc.o
    0x0800560c   0x0800560c   0x00000027   Data   RO         4559    .conststring        freertos.o
    0x08005633   0x08005633   0x00000001   PAD
    0x08005634   0x08005634   0x00000020   Data   RO         6333    Region$$Table       anon$$obj.o


    Execution Region RW_IRAM1 (Exec base: 0x20000000, Load base: 0x08005654, Size: 0x00007428, Max: 0x0001c000, ABSOLUTE, COMPRESSED[0x00000090])

    Exec Addr    Load Addr    Size         Type   Attr      Idx    E Section Name        Object

    0x20000000   COMPRESSED   0x0000000c   Data   RW         1026    .data               stm32f4xx_hal.o
    0x2000000c   COMPRESSED   0x0000003c   Data   RW         3299    .data               tasks.o
    0x20000048   COMPRESSED   0x00000014   Data   RW         3630    .data               timers.o
    0x2000005c   COMPRESSED   0x00000004   Data   RW         3855    .data               cmsis_os2.o
    0x20000060   COMPRESSED   0x00000020   Data   RW         4305    .data               heap_4.o
    0x20000080   COMPRESSED   0x0000000c   Data   RW         4361    .data               port.o
    0x2000008c   COMPRESSED   0x00000004   Data   RW         4435    .data               system_stm32f4xx.o
    0x20000090   COMPRESSED   0x0000000c   Data   RW         4560    .data               freertos.o
    0x2000009c   COMPRESSED   0x000000da   Data   RW         4913    .data               user_mb_app.o
    0x20000176   COMPRESSED   0x00000002   PAD
    0x20000178   COMPRESSED   0x00000004   Data   RW         4999    .data               portevent.o
    0x2000017c   COMPRESSED   0x0000000c   Data   RW         5042    .data               portserial.o
    0x20000188   COMPRESSED   0x00000004   Data   RW         5101    .data               porttimer.o
    0x2000018c   COMPRESSED   0x000000ac   Data   RW         5152    .data               mb.o
    0x20000238   COMPRESSED   0x00000002   Data   RW         5354    .data               mbfuncother.o
    0x2000023a   COMPRESSED   0x00000002   PAD
    0x2000023c   COMPRESSED   0x0000000c   Data   RW         5455    .data               mbrtu.o
    0x20000248   COMPRESSED   0x00000008   Data   RW         5527    .data               user_mb_app_m.o
    0x20000250   COMPRESSED   0x00000008   Data   RW         5579    .data               portevent_m.o
    0x20000258   COMPRESSED   0x0000000c   Data   RW         5662    .data               portserial_m.o
    0x20000264   COMPRESSED   0x0000000c   Data   RW         5721    .data               porttimer_m.o
    0x20000270   COMPRESSED   0x000000b0   Data   RW         5782    .data               mb_m.o
    0x20000320   COMPRESSED   0x00000010   Data   RW         5881    .data               mbrtu_m.o
    0x20000330        -       0x00000040   Zero   RW         2874    .bss                queue.o
    0x20000370        -       0x000004c4   Zero   RW         3298    .bss                tasks.o
    0x20000834        -       0x00000118   Zero   RW         3629    .bss                timers.o
    0x2000094c        -       0x000006b8   Zero   RW         3854    .bss                cmsis_os2.o
    0x20001004        -       0x00003c00   Zero   RW         4304    .bss                heap_4.o
    0x20004c04        -       0x00000168   Zero   RW         4655    .bss                usart.o
    0x20004d6c        -       0x000000b4   Zero   RW         4827    .bss                stm32f4xx_hal_timebase_tim.o
    0x20004e20        -       0x000000c8   Zero   RW         4912    .bss                user_mb_app.o
    0x20004ee8        -       0x00000110   Zero   RW         5041    .bss                portserial.o
    0x20004ff8        -       0x00000020   Zero   RW         5353    .bss                mbfuncother.o
    0x20005018        -       0x00000100   Zero   RW         5454    .bss                mbrtu.o
    0x20005118        -       0x000019a0   Zero   RW         5526    .bss                user_mb_app_m.o
    0x20006ab8        -       0x00000110   Zero   RW         5661    .bss                portserial_m.o
    0x20006bc8        -       0x000001fd   Zero   RW         5880    .bss                mbrtu_m.o
    0x20006dc5   COMPRESSED   0x00000003   PAD
    0x20006dc8        -       0x00000060   Zero   RW         6205    .bss                c_w.l(libspace.o)
    0x20006e28        -       0x00000200   Zero   RW            2    HEAP                startup_stm32f407xx.o
    0x20007028        -       0x00000400   Zero   RW            1    STACK               startup_stm32f407xx.o


    Execution Region RW_IRAM2 (Exec base: 0x2001c000, Load base: 0x080056e4, Size: 0x00000000, Max: 0x00004000, ABSOLUTE)

    **** No section assigned to this execution region ****


==============================================================================

Image component sizes


      Code (inc. data)   RO Data    RW Data    ZI Data      Debug   Object Name

       326         22          0          4       1720      65115   cmsis_os2.o
         0          0          0          0          0      10108   croutine.o
       536          8          0          0          0      30091   event_groups.o
       118          0          0          0          0       2882   fifo_lib.o
       188         26        167         12          0       9404   freertos.o
        76          6          0          0          0        855   gpio.o
       472         24          0         32      15360       4839   heap_4.o
       138          0          0          0          0       3522   list.o
       210         14          0          0          0       6288   main.o
       336         40          0        172          0       4859   mb.o
       512         58          0        176          0       7056   mb_m.o
        44          4        512          0          0       1224   mbcrc.o
       300          0          0          0          0       3810   mbfunccoils.o
       280          0          0          0          0       4240   mbfunccoils_m.o
       114          0          0          0          0       1596   mbfuncdisc.o
        96          0          0          0          0       1714   mbfuncdisc_m.o
       384          0          0          0          0       5235   mbfuncholding.o
       466          0          0          0          0       6838   mbfuncholding_m.o
        98          0          0          0          0       1595   mbfuncinput.o
        80          0          0          0          0       1705   mbfuncinput_m.o
        36         10          0          2         32       1403   mbfuncother.o
       538         42          0         12        256       6455   mbrtu.o
       698         80          0         16        509       9581   mbrtu_m.o
       100          0          0          0          0       2658   mbutils.o
       786         82          0         12          0      11413   port.o
        22          0          0          0          0       1466   port_1.o
       128         18          0          4          0       2344   portevent.o
       332         60          0          8          0       6992   portevent_m.o
       412         76          0         12        272       4801   portserial.o
       416         80          0         12        272       4844   portserial_m.o
       164         38          0          4          0       2815   porttimer.o
       280         46          0         12          0       4180   porttimer_m.o
      1956         24          0          0         64      20100   queue.o
        64         26        392          0       1536        836   startup_stm32f407xx.o
        80         14          0         12          0       8034   stm32f4xx_hal.o
       158         14          0          0          0      33018   stm32f4xx_hal_cortex.o
       496         46          0          0          0       1516   stm32f4xx_hal_gpio.o
        56          4          0          0          0        850   stm32f4xx_hal_msp.o
      1412         86          0          0          0     698993   stm32f4xx_hal_rcc.o
       908        130          0          0          0      10955   stm32f4xx_hal_tim.o
         6          0          0          0          0       1656   stm32f4xx_hal_tim_ex.o
       152         20          0          0        180       1455   stm32f4xx_hal_timebase_tim.o
       600         68          0          0          0       7894   stm32f4xx_hal_uart.o
       228         18          0          0          0       5396   stm32f4xx_it.o
         0          0          0          0          0        436   stream_buffer.o
        16          4         24          4          0       1103   system_stm32f4xx.o
      2604        214          0         60       1220      32405   tasks.o
      1142         86          0         20        280      34738   timers.o
       452         50          0          0        360       3260   usart.o
       464         24          0        218        200       4723   user_mb_app.o
       456         40          0          8       6560       4819   user_mb_app_m.o

    ----------------------------------------------------------------------
     19978       1602       1130        816      28824    1104115   Object Totals
         0          0         32          0          0          0   (incl. Generated)
        42          0          3          4          3          0   (incl. Padding)

    ----------------------------------------------------------------------

      Code (inc. data)   RO Data    RW Data    ZI Data      Debug   Library Member Name

        90          0          0          0          0          0   __dczerorl2.o
         8          0          0          0          0         68   __main.o
         0          0          0          0          0          0   __rtentry.o
        12          0          0          0          0          0   __rtentry2.o
         6          0          0          0          0          0   __rtentry4.o
        52          8          0          0          0          0   __scatter.o
        28          0          0          0          0          0   __scatter_zi.o
        16          0          0          0          0         68   aeabi_memset.o
        18          0          0          0          0         80   exit.o
         6          0          0          0          0        152   heapauxi.o
         0          0          0          0          0          0   indicate_semi.o
         2          0          0          0          0          0   libinit.o
         6          0          0          0          0          0   libinit2.o
         2          0          0          0          0          0   libshutdown.o
         2          0          0          0          0          0   libshutdown2.o
         8          4          0          0         96         68   libspace.o
       238          0          0          0          0        100   lludivv7m.o
        68          0          0          0          0         68   rt_memclr.o
        78          0          0          0          0         80   rt_memclr_w.o
       138          0          0          0          0         68   rt_memcpy_v6.o
       100          0          0          0          0         80   rt_memcpy_w.o
         2          0          0          0          0          0   rtexit.o
        10          0          0          0          0          0   rtexit2.o
        12          4          0          0          0         68   sys_exit.o
        74          0          0          0          0         80   sys_stackheap_outer.o
         2          0          0          0          0         68   use_no_semi.o
        10          0          0          0          0        116   fpinit.o

    ----------------------------------------------------------------------
       992         16          0          0         96       1164   Library Totals
         4          0          0          0          0          0   (incl. Padding)

    ----------------------------------------------------------------------

      Code (inc. data)   RO Data    RW Data    ZI Data      Debug   Library Name

       978         16          0          0         96       1048   c_w.l
        10          0          0          0          0        116   fz_wm.l

    ----------------------------------------------------------------------
       992         16          0          0         96       1164   Library Totals

    ----------------------------------------------------------------------

==============================================================================


      Code (inc. data)   RO Data    RW Data    ZI Data      Debug   

     20970       1618       1130        816      28920    1079311   Grand Totals
     20970       1618       1130        144      28920    1079311   ELF Image Totals (compressed)
     20970       1618       1130        144          0          0   ROM Totals

==============================================================================

    Total RO  Size (Code + RO Data)                22100 (  21.58kB)
    Total RW  Size (RW Data + ZI Data)             29736 (  29.04kB)
    Total ROM Size (Code + RO Data + RW Data)      22244 (  21.72kB)

==============================================================================

